// Jest Snapshot v1, https://goo.gl/fbAQLP

exports[`PlaylistList should match snapshot 1`] = `
Array [
  <h1
    className="MuiTypography-root MuiTypography-h3 MuiTypography-noWrap PlaylistList-emptyMessage-1 css-1yk4hom-MuiTypography-root"
  >
    乁( ◔ ౪◔)「
  </h1>,
  <h1
    className="MuiTypography-root MuiTypography-h4 MuiTypography-noWrap PlaylistList-emptyMessage2-2 css-1r3v6n7-MuiTypography-root"
  >
    Nothing here
  </h1>,
]
`;
