// Jest Snapshot v1, https://goo.gl/fbAQLP

exports[`TagManager should match snapshot 1`] = `
<div
  className="TagManager-root-1"
>
  <header
    className="MuiPaper-root MuiPaper-elevation MuiPaper-elevation4 MuiAppBar-root MuiAppBar-colorPrimary MuiAppBar-positionAbsolute TagManager-appBar-2 css-jz7rmq-MuiPaper-root-MuiAppBar-root"
  >
    <div
      className="MuiToolbar-root MuiToolbar-gutters MuiToolbar-regular TagManager-headerBar-6 css-hyum1k-MuiToolbar-root"
    >
      <div
        className="TagManager-headerLeft-7"
      >
        <button
          aria-label="Back"
          aria-labelledby={null}
          className="MuiButtonBase-root MuiIconButton-root MuiIconButton-colorInherit MuiIconButton-edgeStart MuiIconButton-sizeLarge TagManager-backButton-4 css-184mzhy-MuiButtonBase-root-MuiIconButton-root"
          data-mui-internal-clone-element={true}
          disabled={false}
          onBlur={[Function]}
          onClick={[Function]}
          onContextMenu={[Function]}
          onDragLeave={[Function]}
          onFocus={[Function]}
          onKeyDown={[Function]}
          onKeyUp={[Function]}
          onMouseDown={[Function]}
          onMouseLeave={[Function]}
          onMouseOver={[Function]}
          onMouseUp={[Function]}
          onTouchEnd={[Function]}
          onTouchMove={[Function]}
          onTouchStart={[Function]}
          tabIndex={0}
          type="button"
        >
          <svg
            aria-hidden={true}
            className="MuiSvgIcon-root MuiSvgIcon-fontSizeMedium css-i4bv87-MuiSvgIcon-root"
            data-testid="ArrowBackIcon"
            focusable="false"
            viewBox="0 0 24 24"
          >
            <path
              d="M20 11H7.83l5.59-5.59L12 4l-8 8 8 8 1.41-1.41L7.83 13H20v-2z"
            />
          </svg>
          <span
            className="MuiTouchRipple-root css-8je8zh-MuiTouchRipple-root"
          />
        </button>
      </div>
      <h1
        className="MuiTypography-root MuiTypography-h4 MuiTypography-noWrap TagManager-title-5 css-1r3v6n7-MuiTypography-root"
      >
        Tag Manager
      </h1>
      <div
        className="TagManager-headerLeft-7"
      />
    </div>
  </header>
  <main
    className="TagManager-content-8"
  >
    <div
      className="TagManager-appBarSpacer-3"
    />
    <div
      className="TagManager-root-1 TagManager-fill-17"
    >
      <div
        className="MuiContainer-root TagManager-container-9 css-ur2jdm-MuiContainer-root"
      >
        <Sortable
          className="TagManager-tagList-10"
          onChange={[Function]}
          options={
            Object {
              "animation": 150,
              "easing": "cubic-bezier(1, 0, 0, 1)",
            }
          }
        />
      </div>
    </div>
  </main>
  <button
    className="MuiButtonBase-root MuiFab-root MuiFab-circular MuiFab-sizeLarge MuiFab-default MuiFab-root MuiFab-circular MuiFab-sizeLarge MuiFab-default TagManager-addMenuButton-12 css-mm42gz-MuiButtonBase-root-MuiFab-root"
    disabled={false}
    onBlur={[Function]}
    onClick={[Function]}
    onContextMenu={[Function]}
    onDragLeave={[Function]}
    onFocus={[Function]}
    onKeyDown={[Function]}
    onKeyUp={[Function]}
    onMouseDown={[Function]}
    onMouseLeave={[Function]}
    onMouseUp={[Function]}
    onTouchEnd={[Function]}
    onTouchMove={[Function]}
    onTouchStart={[Function]}
    tabIndex={0}
    type="button"
  >
    <svg
      aria-hidden={true}
      className="MuiSvgIcon-root MuiSvgIcon-fontSizeMedium TagManager-icon-15 css-i4bv87-MuiSvgIcon-root"
      data-testid="AddIcon"
      focusable="false"
      viewBox="0 0 24 24"
    >
      <path
        d="M19 13h-6v6h-2v-6H5v-2h6V5h2v6h6v2z"
      />
    </svg>
    <span
      className="MuiTouchRipple-root css-8je8zh-MuiTouchRipple-root"
    />
  </button>
</div>
`;
