// Jest Snapshot v1, https://goo.gl/fbAQLP

exports[`AudioControl should match snapshot 1`] = `
<div
  className="MuiGrid-root MuiGrid-item MuiGrid-grid-xs-12 AudioControl-noPadding-2 css-13i4rnv-MuiGrid-root"
>
  <div
    className="MuiCollapse-root MuiCollapse-vertical AudioControl-fullWidth-1 MuiCollapse-hidden css-bz4dnt-MuiCollapse-root"
    style={
      {
        "minHeight": "0px",
      }
    }
  >
    <div
      className="MuiCollapse-wrapper MuiCollapse-vertical css-smkl36-MuiCollapse-wrapper"
    >
      <div
        className="MuiCollapse-wrapperInner MuiCollapse-vertical css-9l5vo-MuiCollapse-wrapperInner"
      >
        <div
          className="MuiGrid-root MuiGrid-container MuiGrid-spacing-xs-2 css-ofrcno-MuiGrid-root"
        >
          <div
            className="MuiGrid-root MuiGrid-item MuiGrid-grid-xs-12 css-1idn90j-MuiGrid-root"
          >
            <div
              className="MuiGrid-root MuiGrid-container MuiGrid-spacing-xs-1 css-z4xi2a-MuiGrid-root"
            >
              <div
                className="MuiGrid-root MuiGrid-item MuiGrid-grid-xs-12 MuiGrid-grid-sm-12 css-1idn90j-MuiGrid-root"
              >
                <div
                  className="MuiGrid-root MuiGrid-container MuiGrid-spacing-xs-1 css-7ldjcq-MuiGrid-root"
                >
                  <div
                    className="MuiGrid-root MuiGrid-item css-13i4rnv-MuiGrid-root"
                  >
                    <div
                      className="MuiTypography-root MuiTypography-caption css-ol7wxs-MuiTypography-root"
                    >
                      0:00
                    </div>
                  </div>
                  <div
                    className="MuiGrid-root MuiGrid-item MuiGrid-grid-xs-true css-1vd824g-MuiGrid-root"
                  >
                    <Slider
                      classes={
                        {
                          "thumb": "AudioControl-noTransition-3",
                          "track": "AudioControl-noTransition-3",
                        }
                      }
                      max={0}
                      onChange={[Function]}
                      value={0}
                      valueLabelDisplay="off"
                    />
                  </div>
                  <div
                    className="MuiGrid-root MuiGrid-item css-13i4rnv-MuiGrid-root"
                  >
                    <div
                      className="MuiTypography-root MuiTypography-caption css-ol7wxs-MuiTypography-root"
                    >
                      0:00
                    </div>
                  </div>
                </div>
              </div>
              <div
                className="MuiGrid-root MuiGrid-item css-13i4rnv-MuiGrid-root"
              >
                <button
                  aria-label="Jump Back"
                  aria-labelledby={null}
                  className="MuiButtonBase-root MuiIconButton-root MuiIconButton-sizeLarge css-mf1cb5-MuiButtonBase-root-MuiIconButton-root"
                  data-mui-internal-clone-element={true}
                  disabled={false}
                  onBlur={[Function]}
                  onClick={[Function]}
                  onContextMenu={[Function]}
                  onDragLeave={[Function]}
                  onFocus={[Function]}
                  onKeyDown={[Function]}
                  onKeyUp={[Function]}
                  onMouseDown={[Function]}
                  onMouseLeave={[Function]}
                  onMouseOver={[Function]}
                  onMouseUp={[Function]}
                  onTouchEnd={[Function]}
                  onTouchMove={[Function]}
                  onTouchStart={[Function]}
                  tabIndex={0}
                  type="button"
                >
                  <svg
                    aria-hidden={true}
                    className="MuiSvgIcon-root MuiSvgIcon-fontSizeMedium css-i4bv87-MuiSvgIcon-root"
                    data-testid="Replay10Icon"
                    focusable="false"
                    viewBox="0 0 24 24"
                  >
                    <path
                      d="M11.99 5V1l-5 5 5 5V7c3.31 0 6 2.69 6 6s-2.69 6-6 6-6-2.69-6-6h-2c0 4.42 3.58 8 8 8s8-3.58 8-8-3.58-8-8-8z"
                    />
                    <path
                      d="M10.89 16h-.85v-3.26l-1.01.31v-.69l1.77-.63h.09V16zm4.28-1.76c0 .32-.03.6-.1.82s-.17.42-.29.57-.28.26-.45.33-.37.1-.59.1-.41-.03-.59-.1-.33-.18-.46-.33-.23-.34-.3-.57-.11-.5-.11-.82v-.74c0-.32.03-.6.1-.82s.17-.42.29-.57.28-.26.45-.33.37-.1.59-.1.41.03.59.1.33.18.46.33.23.34.3.57.11.5.11.82v.74zm-.85-.86c0-.19-.01-.35-.04-.48s-.07-.23-.12-.31-.11-.14-.19-.17-.16-.05-.25-.05-.18.02-.25.05-.14.09-.19.17-.09.18-.12.31-.04.29-.04.48v.97c0 .19.01.35.04.48s.07.24.12.32.11.14.19.17.16.05.25.05.18-.02.25-.05.14-.09.19-.17.09-.19.11-.32.04-.29.04-.48v-.97z"
                    />
                  </svg>
                  <span
                    className="MuiTouchRipple-root css-8je8zh-MuiTouchRipple-root"
                  />
                </button>
                <button
                  aria-label="Play"
                  aria-labelledby={null}
                  className="MuiButtonBase-root MuiIconButton-root MuiIconButton-sizeLarge css-mf1cb5-MuiButtonBase-root-MuiIconButton-root"
                  data-mui-internal-clone-element={true}
                  disabled={false}
                  onBlur={[Function]}
                  onClick={[Function]}
                  onContextMenu={[Function]}
                  onDragLeave={[Function]}
                  onFocus={[Function]}
                  onKeyDown={[Function]}
                  onKeyUp={[Function]}
                  onMouseDown={[Function]}
                  onMouseLeave={[Function]}
                  onMouseOver={[Function]}
                  onMouseUp={[Function]}
                  onTouchEnd={[Function]}
                  onTouchMove={[Function]}
                  onTouchStart={[Function]}
                  tabIndex={0}
                  type="button"
                >
                  <svg
                    aria-hidden={true}
                    className="MuiSvgIcon-root MuiSvgIcon-fontSizeMedium css-i4bv87-MuiSvgIcon-root"
                    data-testid="PlayArrowIcon"
                    focusable="false"
                    viewBox="0 0 24 24"
                  >
                    <path
                      d="M8 5v14l11-7z"
                    />
                  </svg>
                  <span
                    className="MuiTouchRipple-root css-8je8zh-MuiTouchRipple-root"
                  />
                </button>
                <button
                  aria-label="Jump Forward"
                  aria-labelledby={null}
                  className="MuiButtonBase-root MuiIconButton-root MuiIconButton-sizeLarge css-mf1cb5-MuiButtonBase-root-MuiIconButton-root"
                  data-mui-internal-clone-element={true}
                  disabled={false}
                  onBlur={[Function]}
                  onClick={[Function]}
                  onContextMenu={[Function]}
                  onDragLeave={[Function]}
                  onFocus={[Function]}
                  onKeyDown={[Function]}
                  onKeyUp={[Function]}
                  onMouseDown={[Function]}
                  onMouseLeave={[Function]}
                  onMouseOver={[Function]}
                  onMouseUp={[Function]}
                  onTouchEnd={[Function]}
                  onTouchMove={[Function]}
                  onTouchStart={[Function]}
                  tabIndex={0}
                  type="button"
                >
                  <svg
                    aria-hidden={true}
                    className="MuiSvgIcon-root MuiSvgIcon-fontSizeMedium css-i4bv87-MuiSvgIcon-root"
                    data-testid="Forward10Icon"
                    focusable="false"
                    viewBox="0 0 24 24"
                  >
                    <path
                      d="M18 13c0 3.31-2.69 6-6 6s-6-2.69-6-6 2.69-6 6-6v4l5-5-5-5v4c-4.42 0-8 3.58-8 8s3.58 8 8 8 8-3.58 8-8h-2z"
                    />
                    <path
                      d="M10.86 15.94v-4.27h-.09L9 12.3v.69l1.01-.31v3.26zm1.39-2.5v.74c0 1.9 1.31 1.82 1.44 1.82.14 0 1.44.09 1.44-1.82v-.74c0-1.9-1.31-1.82-1.44-1.82-.14 0-1.44-.09-1.44 1.82zm2.04-.12v.97c0 .77-.21 1.03-.59 1.03s-.6-.26-.6-1.03v-.97c0-.75.22-1.01.59-1.01.38-.01.6.26.6 1.01z"
                    />
                  </svg>
                  <span
                    className="MuiTouchRipple-root css-8je8zh-MuiTouchRipple-root"
                  />
                </button>
              </div>
            </div>
          </div>
          <div
            className="MuiGrid-root MuiGrid-item MuiGrid-grid-xs-12 css-1idn90j-MuiGrid-root"
          >
            <div
              className="MuiGrid-root MuiGrid-container MuiGrid-spacing-xs-1 css-7ldjcq-MuiGrid-root"
            >
              <div
                className="MuiGrid-root MuiGrid-item css-13i4rnv-MuiGrid-root"
              >
                <svg
                  aria-hidden={true}
                  className="MuiSvgIcon-root MuiSvgIcon-fontSizeMedium css-i4bv87-MuiSvgIcon-root"
                  data-testid="VolumeDownIcon"
                  focusable="false"
                  viewBox="0 0 24 24"
                >
                  <path
                    d="M18.5 12c0-1.77-1.02-3.29-2.5-4.03v8.05c1.48-.73 2.5-2.25 2.5-4.02zM5 9v6h4l5 5V4L9 9H5z"
                  />
                </svg>
              </div>
              <div
                className="MuiGrid-root MuiGrid-item MuiGrid-grid-xs-true css-1vd824g-MuiGrid-root"
              >
                <Slider
                  aria-labelledby="audio-volume-slider"
                  onChange={[Function]}
                  value={100}
                />
              </div>
              <div
                className="MuiGrid-root MuiGrid-item css-13i4rnv-MuiGrid-root"
              >
                <svg
                  aria-hidden={true}
                  className="MuiSvgIcon-root MuiSvgIcon-fontSizeMedium css-i4bv87-MuiSvgIcon-root"
                  data-testid="VolumeUpIcon"
                  focusable="false"
                  viewBox="0 0 24 24"
                >
                  <path
                    d="M3 9v6h4l5 5V4L7 9H3zm13.5 3c0-1.77-1.02-3.29-2.5-4.03v8.05c1.48-.73 2.5-2.25 2.5-4.02zM14 3.23v2.06c2.89.86 5 3.54 5 6.71s-2.11 5.85-5 6.71v2.06c4.01-.91 7-4.49 7-8.77s-2.99-7.86-7-8.77z"
                  />
                </svg>
              </div>
            </div>
          </div>
        </div>
      </div>
    </div>
  </div>
</div>
`;
