// Jest Snapshot v1, https://goo.gl/fbAQLP

exports[`FadeInOut should match snapshot 1`] = `
<div
  style={
    {
      "bottom": 0,
      "left": 0,
      "opacity": 1,
      "position": "absolute",
      "right": 0,
      "top": 0,
      "zIndex": 2,
    }
  }
>
  <p>
    Test
  </p>
</div>
`;
