// Jest Snapshot v1, https://goo.gl/fbAQLP

exports[`VideoControl should match snapshot 1`] = `
<div
  className="MuiGrid-root MuiGrid-container MuiGrid-spacing-xs-1 css-i3ip5b-MuiGrid-root"
/>
`;
