// Jest Snapshot v1, https://goo.gl/fbAQLP

exports[`AudioAlert should match snapshot 1`] = `
[
  <div
    style={
      {
        "bottom": 0,
        "opacity": 0,
        "position": "absolute",
        "zIndex": 10,
      }
    }
  />,
  <div
    style={
      {
        "bottom": 0,
        "opacity": 0,
        "position": "absolute",
        "zIndex": 10,
      }
    }
  >
    <div
      className="AudioAlert-alert-1"
    >
      <img
        className="AudioAlert-thumb-2"
      />
      <div
        className="AudioAlert-infoContainer-3"
      >
        <div
          className="AudioAlert-infoBackdrop-4"
        />
        <h3
          className="MuiTypography-root MuiTypography-h3 AudioAlert-info-5 css-gepadz-MuiTypography-root"
        />
      </div>
    </div>
  </div>,
]
`;
