// Jest Snapshot v1, https://goo.gl/fbAQLP

exports[`PictureGrid should match snapshot 1`] = `
<div
  className="PictureGrid-content-1"
>
  <div
    className="PictureGrid-masonry-2"
  >
    <div
      className="MuiMasonry-root css-1j3lvqa-MuiMasonry-root"
    />
  </div>
</div>
`;
