// Jest Snapshot v1, https://goo.gl/fbAQLP

exports[`Slide should match snapshot 1`] = `
<div
  style={
    {
      "bottom": 0,
      "left": 0,
      "position": "absolute",
      "right": 0,
      "top": 0,
      "transform": "translate3d(100%,0%,0)",
      "zIndex": 2,
    }
  }
>
  <p>
    Test
  </p>
</div>
`;
