// Jest Snapshot v1, https://goo.gl/fbAQLP

exports[`SoundTick should match snapshot 1`] = `null`;
