// Jest Snapshot v1, https://goo.gl/fbAQLP

exports[`ErrorBoundary should match snapshot 1`] = `
<p>
  FlipFlip
</p>
`;
