// Jest Snapshot v1, https://goo.gl/fbAQLP

exports[`APICard should match snapshot 1`] = `
Array [
  <p
    className="MuiTypography-root MuiTypography-body1 MuiTypography-alignCenter APICard-title-7 css-1uwgr7b-MuiTypography-root"
  >
    API Sign In
  </p>,
  <div
    className="MuiGrid-root MuiGrid-container MuiGrid-spacing-xs-2 css-919fip-MuiGrid-root"
  >
    <div
      className="MuiGrid-root MuiGrid-item css-13i4rnv-MuiGrid-root"
    >
      <button
        aria-label="Unauthorized: Click to Authorize Tumblr"
        aria-labelledby={null}
        className="MuiButtonBase-root MuiFab-root MuiFab-circular MuiFab-sizeLarge MuiFab-default MuiFab-root MuiFab-circular MuiFab-sizeLarge MuiFab-default APICard-fab-2 APICard-noAuth-4 css-mm42gz-MuiButtonBase-root-MuiFab-root"
        data-mui-internal-clone-element={true}
        disabled={false}
        onBlur={[Function]}
        onClick={[Function]}
        onContextMenu={[Function]}
        onDragLeave={[Function]}
        onFocus={[Function]}
        onKeyDown={[Function]}
        onKeyUp={[Function]}
        onMouseDown={[Function]}
        onMouseLeave={[Function]}
        onMouseOver={[Function]}
        onMouseUp={[Function]}
        onTouchEnd={[Function]}
        onTouchMove={[Function]}
        onTouchStart={[Function]}
        tabIndex={0}
        type="button"
      >
        <SourceIcon
          className="APICard-icon-5"
          type="st.tumblr"
        />
        <span
          className="MuiTouchRipple-root css-8je8zh-MuiTouchRipple-root"
        />
      </button>
    </div>
    <div
      className="MuiGrid-root MuiGrid-item css-13i4rnv-MuiGrid-root"
    >
      <button
        aria-label="Unauthorized: Click to Authorize Instragram"
        aria-labelledby={null}
        className="MuiButtonBase-root MuiFab-root MuiFab-circular MuiFab-sizeLarge MuiFab-default MuiFab-root MuiFab-circular MuiFab-sizeLarge MuiFab-default APICard-fab-2 APICard-noAuth-4 css-mm42gz-MuiButtonBase-root-MuiFab-root"
        data-mui-internal-clone-element={true}
        disabled={false}
        onBlur={[Function]}
        onClick={[Function]}
        onContextMenu={[Function]}
        onDragLeave={[Function]}
        onFocus={[Function]}
        onKeyDown={[Function]}
        onKeyUp={[Function]}
        onMouseDown={[Function]}
        onMouseLeave={[Function]}
        onMouseOver={[Function]}
        onMouseUp={[Function]}
        onTouchEnd={[Function]}
        onTouchMove={[Function]}
        onTouchStart={[Function]}
        tabIndex={0}
        type="button"
      >
        <SourceIcon
          className="APICard-icon-5"
          type="st.instagram"
        />
        <span
          className="MuiTouchRipple-root css-8je8zh-MuiTouchRipple-root"
        />
      </button>
    </div>
    <div
      className="MuiGrid-root MuiGrid-item css-13i4rnv-MuiGrid-root"
    >
      <button
        aria-label="Unauthorized: Click to Configure Hydrus"
        aria-labelledby={null}
        className="MuiButtonBase-root MuiFab-root MuiFab-circular MuiFab-sizeLarge MuiFab-default MuiFab-root MuiFab-circular MuiFab-sizeLarge MuiFab-default APICard-fab-2 APICard-noAuth-4 css-mm42gz-MuiButtonBase-root-MuiFab-root"
        data-mui-internal-clone-element={true}
        disabled={false}
        onBlur={[Function]}
        onClick={[Function]}
        onContextMenu={[Function]}
        onDragLeave={[Function]}
        onFocus={[Function]}
        onKeyDown={[Function]}
        onKeyUp={[Function]}
        onMouseDown={[Function]}
        onMouseLeave={[Function]}
        onMouseOver={[Function]}
        onMouseUp={[Function]}
        onTouchEnd={[Function]}
        onTouchMove={[Function]}
        onTouchStart={[Function]}
        tabIndex={0}
        type="button"
      >
        <SourceIcon
          className="APICard-icon-5"
          type="st.hydrus"
        />
        <span
          className="MuiTouchRipple-root css-8je8zh-MuiTouchRipple-root"
        />
      </button>
    </div>
    <div
      className="MuiGrid-root MuiGrid-item css-13i4rnv-MuiGrid-root"
    >
      <button
        aria-label="Unauthorized: Click to Configure Piwigo"
        aria-labelledby={null}
        className="MuiButtonBase-root MuiFab-root MuiFab-circular MuiFab-sizeLarge MuiFab-default MuiFab-root MuiFab-circular MuiFab-sizeLarge MuiFab-default APICard-fab-2 APICard-noAuth-4 css-mm42gz-MuiButtonBase-root-MuiFab-root"
        data-mui-internal-clone-element={true}
        disabled={false}
        onBlur={[Function]}
        onClick={[Function]}
        onContextMenu={[Function]}
        onDragLeave={[Function]}
        onFocus={[Function]}
        onKeyDown={[Function]}
        onKeyUp={[Function]}
        onMouseDown={[Function]}
        onMouseLeave={[Function]}
        onMouseOver={[Function]}
        onMouseUp={[Function]}
        onTouchEnd={[Function]}
        onTouchMove={[Function]}
        onTouchStart={[Function]}
        tabIndex={0}
        type="button"
      >
        <SourceIcon
          className="APICard-icon-5"
          type="st.piwigo"
        />
        <span
          className="MuiTouchRipple-root css-8je8zh-MuiTouchRipple-root"
        />
      </button>
    </div>
    <div
      className="MuiGrid-root MuiGrid-item MuiGrid-grid-xs-12 APICard-center-9 css-1idn90j-MuiGrid-root"
    >
      <label
        className="MuiFormControlLabel-root Mui-disabled MuiFormControlLabel-labelPlacementEnd css-j204z7-MuiFormControlLabel-root"
      >
        <span
          className="MuiSwitch-root MuiSwitch-sizeMedium css-julti5-MuiSwitch-root"
        >
          <span
            aria-disabled={true}
            className="MuiButtonBase-root MuiSwitch-switchBase MuiSwitch-colorPrimary Mui-disabled Mui-disabled PrivateSwitchBase-root MuiSwitch-switchBase MuiSwitch-colorPrimary Mui-disabled Mui-disabled css-5ryogn-MuiButtonBase-root-MuiSwitch-switchBase"
            onBlur={[Function]}
            onContextMenu={[Function]}
            onDragLeave={[Function]}
            onFocus={[Function]}
            onKeyDown={[Function]}
            onKeyUp={[Function]}
            onMouseDown={[Function]}
            onMouseLeave={[Function]}
            onMouseUp={[Function]}
            onTouchEnd={[Function]}
            onTouchMove={[Function]}
            onTouchStart={[Function]}
            tabIndex={-1}
          >
            <input
              checked={false}
              className="PrivateSwitchBase-input MuiSwitch-input css-1m9pwf3"
              disabled={true}
              onChange={[Function]}
              required={false}
              type="checkbox"
            />
            <span
              className="MuiSwitch-thumb css-jsexje-MuiSwitch-thumb"
            />
          </span>
          <span
            className="MuiSwitch-track css-1yjjitx-MuiSwitch-track"
          />
        </span>
        <span
          className="MuiTypography-root MuiTypography-body1 MuiFormControlLabel-label Mui-disabled css-ahj2mt-MuiTypography-root"
        >
          Silence Tumblr Throttle Alert
        </span>
      </label>
    </div>
  </div>,
]
`;
