// Jest Snapshot v1, https://goo.gl/fbAQLP

exports[`ZoomMove should match snapshot 1`] = `
<div
  style={
    Object {
      "bottom": 0,
      "left": 0,
      "position": "absolute",
      "right": 0,
      "top": 0,
      "transform": "translate(0%, 0%) scale(1)",
      "zIndex": 2,
    }
  }
>
  <p>
    Test
  </p>
</div>
`;
