// Jest Snapshot v1, https://goo.gl/fbAQLP

exports[`VSpin should match snapshot 1`] = `
<div
  onMouseEnter={[Function]}
  style={
    {
      "transform": "rotateX(0deg)",
    }
  }
/>
`;
