// Jest Snapshot v1, https://goo.gl/fbAQLP

exports[`ThemeColorPicker should match snapshot 1`] = `
<div
  className="MuiGrid-root MuiGrid-container css-1vam7s3-MuiGrid-root"
>
  <div
    className="MuiGrid-root MuiGrid-item ThemeColorPicker-colorGrid-1 css-13i4rnv-MuiGrid-root"
  >
    <button
      className="MuiButtonBase-root MuiFab-root MuiFab-circular MuiFab-sizeMedium MuiFab-default MuiFab-root MuiFab-circular MuiFab-sizeMedium MuiFab-default ThemeColorPicker-colorButton-2 css-1fwudth-MuiButtonBase-root-MuiFab-root"
      disabled={false}
      onBlur={[Function]}
      onContextMenu={[Function]}
      onDragLeave={[Function]}
      onFocus={[Function]}
      onKeyDown={[Function]}
      onKeyUp={[Function]}
      onMouseDown={[Function]}
      onMouseLeave={[Function]}
      onMouseUp={[Function]}
      onTouchEnd={[Function]}
      onTouchMove={[Function]}
      onTouchStart={[Function]}
      style={
        {
          "backgroundColor": "#fff",
        }
      }
      tabIndex={0}
      type="button"
    >
      <div />
    </button>
    <div
      className="MuiFormControl-root MuiTextField-root ThemeColorPicker-colorField-4 css-1u3bzj6-MuiFormControl-root-MuiTextField-root"
    >
      <label
        className="MuiFormLabel-root MuiInputLabel-root MuiInputLabel-formControl MuiInputLabel-animated MuiInputLabel-shrink MuiInputLabel-standard MuiFormLabel-colorPrimary MuiFormLabel-filled MuiInputLabel-root MuiInputLabel-formControl MuiInputLabel-animated MuiInputLabel-shrink MuiInputLabel-standard css-syr9i-MuiFormLabel-root-MuiInputLabel-root"
        data-shrink={true}
      >
        Color
      </label>
      <div
        className="MuiInputBase-root MuiInput-root MuiInput-underline MuiInputBase-colorPrimary MuiInputBase-formControl Mui-readOnly MuiInputBase-readOnly css-cwspju-MuiInputBase-root-MuiInput-root"
        onClick={[Function]}
      >
        <input
          aria-invalid={false}
          autoFocus={false}
          className="MuiInputBase-input MuiInput-input Mui-readOnly MuiInputBase-readOnly css-1x51dt5-MuiInputBase-input-MuiInput-input"
          disabled={false}
          onAnimationStart={[Function]}
          onBlur={[Function]}
          onChange={[Function]}
          onFocus={[Function]}
          readOnly={true}
          required={false}
          type="text"
          value="#fff"
        />
      </div>
    </div>
  </div>
  <div
    className="MuiGrid-root MuiGrid-item MuiGrid-grid-xs-12 MuiGrid-grid-sm-true css-cyocdy-MuiGrid-root"
  >
    <div
      className="MuiGrid-root MuiGrid-container css-1vam7s3-MuiGrid-root"
    >
      <div
        className="MuiGrid-root MuiGrid-item css-13i4rnv-MuiGrid-root"
      >
        <button
          className="MuiButtonBase-root MuiFab-root MuiFab-circular MuiFab-sizeSmall MuiFab-default MuiFab-root MuiFab-circular MuiFab-sizeSmall MuiFab-default ThemeColorPicker-colorPickerButton-3 css-12m9wit-MuiButtonBase-root-MuiFab-root"
          disabled={false}
          onBlur={[Function]}
          onClick={[Function]}
          onContextMenu={[Function]}
          onDragLeave={[Function]}
          onFocus={[Function]}
          onKeyDown={[Function]}
          onKeyUp={[Function]}
          onMouseDown={[Function]}
          onMouseLeave={[Function]}
          onMouseUp={[Function]}
          onTouchEnd={[Function]}
          onTouchMove={[Function]}
          onTouchStart={[Function]}
          style={
            {
              "backgroundColor": "#f44336",
            }
          }
          tabIndex={0}
          type="button"
          value="#f44336"
        >
          <div />
        </button>
      </div>
      <div
        className="MuiGrid-root MuiGrid-item css-13i4rnv-MuiGrid-root"
      >
        <button
          className="MuiButtonBase-root MuiFab-root MuiFab-circular MuiFab-sizeSmall MuiFab-default MuiFab-root MuiFab-circular MuiFab-sizeSmall MuiFab-default ThemeColorPicker-colorPickerButton-3 css-12m9wit-MuiButtonBase-root-MuiFab-root"
          disabled={false}
          onBlur={[Function]}
          onClick={[Function]}
          onContextMenu={[Function]}
          onDragLeave={[Function]}
          onFocus={[Function]}
          onKeyDown={[Function]}
          onKeyUp={[Function]}
          onMouseDown={[Function]}
          onMouseLeave={[Function]}
          onMouseUp={[Function]}
          onTouchEnd={[Function]}
          onTouchMove={[Function]}
          onTouchStart={[Function]}
          style={
            {
              "backgroundColor": "#e91e63",
            }
          }
          tabIndex={0}
          type="button"
          value="#e91e63"
        >
          <div />
        </button>
      </div>
      <div
        className="MuiGrid-root MuiGrid-item css-13i4rnv-MuiGrid-root"
      >
        <button
          className="MuiButtonBase-root MuiFab-root MuiFab-circular MuiFab-sizeSmall MuiFab-default MuiFab-root MuiFab-circular MuiFab-sizeSmall MuiFab-default ThemeColorPicker-colorPickerButton-3 css-12m9wit-MuiButtonBase-root-MuiFab-root"
          disabled={false}
          onBlur={[Function]}
          onClick={[Function]}
          onContextMenu={[Function]}
          onDragLeave={[Function]}
          onFocus={[Function]}
          onKeyDown={[Function]}
          onKeyUp={[Function]}
          onMouseDown={[Function]}
          onMouseLeave={[Function]}
          onMouseUp={[Function]}
          onTouchEnd={[Function]}
          onTouchMove={[Function]}
          onTouchStart={[Function]}
          style={
            {
              "backgroundColor": "#9c27b0",
            }
          }
          tabIndex={0}
          type="button"
          value="#9c27b0"
        >
          <div />
        </button>
      </div>
      <div
        className="MuiGrid-root MuiGrid-item css-13i4rnv-MuiGrid-root"
      >
        <button
          className="MuiButtonBase-root MuiFab-root MuiFab-circular MuiFab-sizeSmall MuiFab-default MuiFab-root MuiFab-circular MuiFab-sizeSmall MuiFab-default ThemeColorPicker-colorPickerButton-3 css-12m9wit-MuiButtonBase-root-MuiFab-root"
          disabled={false}
          onBlur={[Function]}
          onClick={[Function]}
          onContextMenu={[Function]}
          onDragLeave={[Function]}
          onFocus={[Function]}
          onKeyDown={[Function]}
          onKeyUp={[Function]}
          onMouseDown={[Function]}
          onMouseLeave={[Function]}
          onMouseUp={[Function]}
          onTouchEnd={[Function]}
          onTouchMove={[Function]}
          onTouchStart={[Function]}
          style={
            {
              "backgroundColor": "#673ab7",
            }
          }
          tabIndex={0}
          type="button"
          value="#673ab7"
        >
          <div />
        </button>
      </div>
      <div
        className="MuiGrid-root MuiGrid-item css-13i4rnv-MuiGrid-root"
      >
        <button
          className="MuiButtonBase-root MuiFab-root MuiFab-circular MuiFab-sizeSmall MuiFab-default MuiFab-root MuiFab-circular MuiFab-sizeSmall MuiFab-default ThemeColorPicker-colorPickerButton-3 css-12m9wit-MuiButtonBase-root-MuiFab-root"
          disabled={false}
          onBlur={[Function]}
          onClick={[Function]}
          onContextMenu={[Function]}
          onDragLeave={[Function]}
          onFocus={[Function]}
          onKeyDown={[Function]}
          onKeyUp={[Function]}
          onMouseDown={[Function]}
          onMouseLeave={[Function]}
          onMouseUp={[Function]}
          onTouchEnd={[Function]}
          onTouchMove={[Function]}
          onTouchStart={[Function]}
          style={
            {
              "backgroundColor": "#3f51b5",
            }
          }
          tabIndex={0}
          type="button"
          value="#3f51b5"
        >
          <div />
        </button>
      </div>
      <div
        className="MuiGrid-root MuiGrid-item css-13i4rnv-MuiGrid-root"
      >
        <button
          className="MuiButtonBase-root MuiFab-root MuiFab-circular MuiFab-sizeSmall MuiFab-default MuiFab-root MuiFab-circular MuiFab-sizeSmall MuiFab-default ThemeColorPicker-colorPickerButton-3 css-12m9wit-MuiButtonBase-root-MuiFab-root"
          disabled={false}
          onBlur={[Function]}
          onClick={[Function]}
          onContextMenu={[Function]}
          onDragLeave={[Function]}
          onFocus={[Function]}
          onKeyDown={[Function]}
          onKeyUp={[Function]}
          onMouseDown={[Function]}
          onMouseLeave={[Function]}
          onMouseUp={[Function]}
          onTouchEnd={[Function]}
          onTouchMove={[Function]}
          onTouchStart={[Function]}
          style={
            {
              "backgroundColor": "#2196f3",
            }
          }
          tabIndex={0}
          type="button"
          value="#2196f3"
        >
          <div />
        </button>
      </div>
      <div
        className="MuiGrid-root MuiGrid-item css-13i4rnv-MuiGrid-root"
      >
        <button
          className="MuiButtonBase-root MuiFab-root MuiFab-circular MuiFab-sizeSmall MuiFab-default MuiFab-root MuiFab-circular MuiFab-sizeSmall MuiFab-default ThemeColorPicker-colorPickerButton-3 css-12m9wit-MuiButtonBase-root-MuiFab-root"
          disabled={false}
          onBlur={[Function]}
          onClick={[Function]}
          onContextMenu={[Function]}
          onDragLeave={[Function]}
          onFocus={[Function]}
          onKeyDown={[Function]}
          onKeyUp={[Function]}
          onMouseDown={[Function]}
          onMouseLeave={[Function]}
          onMouseUp={[Function]}
          onTouchEnd={[Function]}
          onTouchMove={[Function]}
          onTouchStart={[Function]}
          style={
            {
              "backgroundColor": "#03a9f4",
            }
          }
          tabIndex={0}
          type="button"
          value="#03a9f4"
        >
          <div />
        </button>
      </div>
      <div
        className="MuiGrid-root MuiGrid-item css-13i4rnv-MuiGrid-root"
      >
        <button
          className="MuiButtonBase-root MuiFab-root MuiFab-circular MuiFab-sizeSmall MuiFab-default MuiFab-root MuiFab-circular MuiFab-sizeSmall MuiFab-default ThemeColorPicker-colorPickerButton-3 css-12m9wit-MuiButtonBase-root-MuiFab-root"
          disabled={false}
          onBlur={[Function]}
          onClick={[Function]}
          onContextMenu={[Function]}
          onDragLeave={[Function]}
          onFocus={[Function]}
          onKeyDown={[Function]}
          onKeyUp={[Function]}
          onMouseDown={[Function]}
          onMouseLeave={[Function]}
          onMouseUp={[Function]}
          onTouchEnd={[Function]}
          onTouchMove={[Function]}
          onTouchStart={[Function]}
          style={
            {
              "backgroundColor": "#00bcd4",
            }
          }
          tabIndex={0}
          type="button"
          value="#00bcd4"
        >
          <div />
        </button>
      </div>
      <div
        className="MuiGrid-root MuiGrid-item css-13i4rnv-MuiGrid-root"
      >
        <button
          className="MuiButtonBase-root MuiFab-root MuiFab-circular MuiFab-sizeSmall MuiFab-default MuiFab-root MuiFab-circular MuiFab-sizeSmall MuiFab-default ThemeColorPicker-colorPickerButton-3 css-12m9wit-MuiButtonBase-root-MuiFab-root"
          disabled={false}
          onBlur={[Function]}
          onClick={[Function]}
          onContextMenu={[Function]}
          onDragLeave={[Function]}
          onFocus={[Function]}
          onKeyDown={[Function]}
          onKeyUp={[Function]}
          onMouseDown={[Function]}
          onMouseLeave={[Function]}
          onMouseUp={[Function]}
          onTouchEnd={[Function]}
          onTouchMove={[Function]}
          onTouchStart={[Function]}
          style={
            {
              "backgroundColor": "#009688",
            }
          }
          tabIndex={0}
          type="button"
          value="#009688"
        >
          <div />
        </button>
      </div>
      <div
        className="MuiGrid-root MuiGrid-item css-13i4rnv-MuiGrid-root"
      >
        <button
          className="MuiButtonBase-root MuiFab-root MuiFab-circular MuiFab-sizeSmall MuiFab-default MuiFab-root MuiFab-circular MuiFab-sizeSmall MuiFab-default ThemeColorPicker-colorPickerButton-3 css-12m9wit-MuiButtonBase-root-MuiFab-root"
          disabled={false}
          onBlur={[Function]}
          onClick={[Function]}
          onContextMenu={[Function]}
          onDragLeave={[Function]}
          onFocus={[Function]}
          onKeyDown={[Function]}
          onKeyUp={[Function]}
          onMouseDown={[Function]}
          onMouseLeave={[Function]}
          onMouseUp={[Function]}
          onTouchEnd={[Function]}
          onTouchMove={[Function]}
          onTouchStart={[Function]}
          style={
            {
              "backgroundColor": "#4caf50",
            }
          }
          tabIndex={0}
          type="button"
          value="#4caf50"
        >
          <div />
        </button>
      </div>
      <div
        className="MuiGrid-root MuiGrid-item css-13i4rnv-MuiGrid-root"
      >
        <button
          className="MuiButtonBase-root MuiFab-root MuiFab-circular MuiFab-sizeSmall MuiFab-default MuiFab-root MuiFab-circular MuiFab-sizeSmall MuiFab-default ThemeColorPicker-colorPickerButton-3 css-12m9wit-MuiButtonBase-root-MuiFab-root"
          disabled={false}
          onBlur={[Function]}
          onClick={[Function]}
          onContextMenu={[Function]}
          onDragLeave={[Function]}
          onFocus={[Function]}
          onKeyDown={[Function]}
          onKeyUp={[Function]}
          onMouseDown={[Function]}
          onMouseLeave={[Function]}
          onMouseUp={[Function]}
          onTouchEnd={[Function]}
          onTouchMove={[Function]}
          onTouchStart={[Function]}
          style={
            {
              "backgroundColor": "#8bc34a",
            }
          }
          tabIndex={0}
          type="button"
          value="#8bc34a"
        >
          <div />
        </button>
      </div>
      <div
        className="MuiGrid-root MuiGrid-item css-13i4rnv-MuiGrid-root"
      >
        <button
          className="MuiButtonBase-root MuiFab-root MuiFab-circular MuiFab-sizeSmall MuiFab-default MuiFab-root MuiFab-circular MuiFab-sizeSmall MuiFab-default ThemeColorPicker-colorPickerButton-3 css-12m9wit-MuiButtonBase-root-MuiFab-root"
          disabled={false}
          onBlur={[Function]}
          onClick={[Function]}
          onContextMenu={[Function]}
          onDragLeave={[Function]}
          onFocus={[Function]}
          onKeyDown={[Function]}
          onKeyUp={[Function]}
          onMouseDown={[Function]}
          onMouseLeave={[Function]}
          onMouseUp={[Function]}
          onTouchEnd={[Function]}
          onTouchMove={[Function]}
          onTouchStart={[Function]}
          style={
            {
              "backgroundColor": "#cddc39",
            }
          }
          tabIndex={0}
          type="button"
          value="#cddc39"
        >
          <div />
        </button>
      </div>
      <div
        className="MuiGrid-root MuiGrid-item css-13i4rnv-MuiGrid-root"
      >
        <button
          className="MuiButtonBase-root MuiFab-root MuiFab-circular MuiFab-sizeSmall MuiFab-default MuiFab-root MuiFab-circular MuiFab-sizeSmall MuiFab-default ThemeColorPicker-colorPickerButton-3 css-12m9wit-MuiButtonBase-root-MuiFab-root"
          disabled={false}
          onBlur={[Function]}
          onClick={[Function]}
          onContextMenu={[Function]}
          onDragLeave={[Function]}
          onFocus={[Function]}
          onKeyDown={[Function]}
          onKeyUp={[Function]}
          onMouseDown={[Function]}
          onMouseLeave={[Function]}
          onMouseUp={[Function]}
          onTouchEnd={[Function]}
          onTouchMove={[Function]}
          onTouchStart={[Function]}
          style={
            {
              "backgroundColor": "#ffeb3b",
            }
          }
          tabIndex={0}
          type="button"
          value="#ffeb3b"
        >
          <div />
        </button>
      </div>
      <div
        className="MuiGrid-root MuiGrid-item css-13i4rnv-MuiGrid-root"
      >
        <button
          className="MuiButtonBase-root MuiFab-root MuiFab-circular MuiFab-sizeSmall MuiFab-default MuiFab-root MuiFab-circular MuiFab-sizeSmall MuiFab-default ThemeColorPicker-colorPickerButton-3 css-12m9wit-MuiButtonBase-root-MuiFab-root"
          disabled={false}
          onBlur={[Function]}
          onClick={[Function]}
          onContextMenu={[Function]}
          onDragLeave={[Function]}
          onFocus={[Function]}
          onKeyDown={[Function]}
          onKeyUp={[Function]}
          onMouseDown={[Function]}
          onMouseLeave={[Function]}
          onMouseUp={[Function]}
          onTouchEnd={[Function]}
          onTouchMove={[Function]}
          onTouchStart={[Function]}
          style={
            {
              "backgroundColor": "#ffc107",
            }
          }
          tabIndex={0}
          type="button"
          value="#ffc107"
        >
          <div />
        </button>
      </div>
      <div
        className="MuiGrid-root MuiGrid-item css-13i4rnv-MuiGrid-root"
      >
        <button
          className="MuiButtonBase-root MuiFab-root MuiFab-circular MuiFab-sizeSmall MuiFab-default MuiFab-root MuiFab-circular MuiFab-sizeSmall MuiFab-default ThemeColorPicker-colorPickerButton-3 css-12m9wit-MuiButtonBase-root-MuiFab-root"
          disabled={false}
          onBlur={[Function]}
          onClick={[Function]}
          onContextMenu={[Function]}
          onDragLeave={[Function]}
          onFocus={[Function]}
          onKeyDown={[Function]}
          onKeyUp={[Function]}
          onMouseDown={[Function]}
          onMouseLeave={[Function]}
          onMouseUp={[Function]}
          onTouchEnd={[Function]}
          onTouchMove={[Function]}
          onTouchStart={[Function]}
          style={
            {
              "backgroundColor": "#ff9800",
            }
          }
          tabIndex={0}
          type="button"
          value="#ff9800"
        >
          <div />
        </button>
      </div>
      <div
        className="MuiGrid-root MuiGrid-item css-13i4rnv-MuiGrid-root"
      >
        <button
          className="MuiButtonBase-root MuiFab-root MuiFab-circular MuiFab-sizeSmall MuiFab-default MuiFab-root MuiFab-circular MuiFab-sizeSmall MuiFab-default ThemeColorPicker-colorPickerButton-3 css-12m9wit-MuiButtonBase-root-MuiFab-root"
          disabled={false}
          onBlur={[Function]}
          onClick={[Function]}
          onContextMenu={[Function]}
          onDragLeave={[Function]}
          onFocus={[Function]}
          onKeyDown={[Function]}
          onKeyUp={[Function]}
          onMouseDown={[Function]}
          onMouseLeave={[Function]}
          onMouseUp={[Function]}
          onTouchEnd={[Function]}
          onTouchMove={[Function]}
          onTouchStart={[Function]}
          style={
            {
              "backgroundColor": "#ff5722",
            }
          }
          tabIndex={0}
          type="button"
          value="#ff5722"
        >
          <div />
        </button>
      </div>
      <div
        className="MuiGrid-root MuiGrid-item css-13i4rnv-MuiGrid-root"
      >
        <button
          className="MuiButtonBase-root MuiFab-root MuiFab-circular MuiFab-sizeSmall MuiFab-default MuiFab-root MuiFab-circular MuiFab-sizeSmall MuiFab-default ThemeColorPicker-colorPickerButton-3 css-12m9wit-MuiButtonBase-root-MuiFab-root"
          disabled={false}
          onBlur={[Function]}
          onClick={[Function]}
          onContextMenu={[Function]}
          onDragLeave={[Function]}
          onFocus={[Function]}
          onKeyDown={[Function]}
          onKeyUp={[Function]}
          onMouseDown={[Function]}
          onMouseLeave={[Function]}
          onMouseUp={[Function]}
          onTouchEnd={[Function]}
          onTouchMove={[Function]}
          onTouchStart={[Function]}
          style={
            {
              "backgroundColor": "#795548",
            }
          }
          tabIndex={0}
          type="button"
          value="#795548"
        >
          <div />
        </button>
      </div>
      <div
        className="MuiGrid-root MuiGrid-item css-13i4rnv-MuiGrid-root"
      >
        <button
          className="MuiButtonBase-root MuiFab-root MuiFab-circular MuiFab-sizeSmall MuiFab-default MuiFab-root MuiFab-circular MuiFab-sizeSmall MuiFab-default ThemeColorPicker-colorPickerButton-3 css-12m9wit-MuiButtonBase-root-MuiFab-root"
          disabled={false}
          onBlur={[Function]}
          onClick={[Function]}
          onContextMenu={[Function]}
          onDragLeave={[Function]}
          onFocus={[Function]}
          onKeyDown={[Function]}
          onKeyUp={[Function]}
          onMouseDown={[Function]}
          onMouseLeave={[Function]}
          onMouseUp={[Function]}
          onTouchEnd={[Function]}
          onTouchMove={[Function]}
          onTouchStart={[Function]}
          style={
            {
              "backgroundColor": "#9e9e9e",
            }
          }
          tabIndex={0}
          type="button"
          value="#9e9e9e"
        >
          <div />
        </button>
      </div>
      <div
        className="MuiGrid-root MuiGrid-item css-13i4rnv-MuiGrid-root"
      >
        <button
          className="MuiButtonBase-root MuiFab-root MuiFab-circular MuiFab-sizeSmall MuiFab-default MuiFab-root MuiFab-circular MuiFab-sizeSmall MuiFab-default ThemeColorPicker-colorPickerButton-3 css-12m9wit-MuiButtonBase-root-MuiFab-root"
          disabled={false}
          onBlur={[Function]}
          onClick={[Function]}
          onContextMenu={[Function]}
          onDragLeave={[Function]}
          onFocus={[Function]}
          onKeyDown={[Function]}
          onKeyUp={[Function]}
          onMouseDown={[Function]}
          onMouseLeave={[Function]}
          onMouseUp={[Function]}
          onTouchEnd={[Function]}
          onTouchMove={[Function]}
          onTouchStart={[Function]}
          style={
            {
              "backgroundColor": "#607d8b",
            }
          }
          tabIndex={0}
          type="button"
          value="#607d8b"
        >
          <div />
        </button>
      </div>
      <div
        className="MuiGrid-root MuiGrid-item css-13i4rnv-MuiGrid-root"
      >
        <button
          className="MuiButtonBase-root MuiFab-root MuiFab-circular MuiFab-sizeSmall MuiFab-default MuiFab-root MuiFab-circular MuiFab-sizeSmall MuiFab-default ThemeColorPicker-colorPickerButton-3 css-12m9wit-MuiButtonBase-root-MuiFab-root"
          disabled={false}
          onBlur={[Function]}
          onClick={[Function]}
          onContextMenu={[Function]}
          onDragLeave={[Function]}
          onFocus={[Function]}
          onKeyDown={[Function]}
          onKeyUp={[Function]}
          onMouseDown={[Function]}
          onMouseLeave={[Function]}
          onMouseUp={[Function]}
          onTouchEnd={[Function]}
          onTouchMove={[Function]}
          onTouchStart={[Function]}
          style={
            {
              "backgroundColor": "#fff",
            }
          }
          tabIndex={0}
          type="button"
          value="#fff"
        >
          <div />
        </button>
      </div>
      <div
        className="MuiGrid-root MuiGrid-item css-13i4rnv-MuiGrid-root"
      >
        <button
          className="MuiButtonBase-root MuiFab-root MuiFab-circular MuiFab-sizeSmall MuiFab-default MuiFab-root MuiFab-circular MuiFab-sizeSmall MuiFab-default ThemeColorPicker-colorPickerButton-3 css-12m9wit-MuiButtonBase-root-MuiFab-root"
          disabled={false}
          onBlur={[Function]}
          onClick={[Function]}
          onContextMenu={[Function]}
          onDragLeave={[Function]}
          onFocus={[Function]}
          onKeyDown={[Function]}
          onKeyUp={[Function]}
          onMouseDown={[Function]}
          onMouseLeave={[Function]}
          onMouseUp={[Function]}
          onTouchEnd={[Function]}
          onTouchMove={[Function]}
          onTouchStart={[Function]}
          style={
            {
              "backgroundColor": "#000",
            }
          }
          tabIndex={0}
          type="button"
          value="#000"
        >
          <div />
        </button>
      </div>
    </div>
  </div>
</div>
`;
