// Jest Snapshot v1, https://goo.gl/fbAQLP

exports[`AudioLibrary should match snapshot 1`] = `
<div
  className="AudioLibrary-root-1"
>
  <header
    className="MuiPaper-root MuiPaper-elevation MuiPaper-elevation4 MuiAppBar-root MuiAppBar-colorPrimary MuiAppBar-positionAbsolute AudioLibrary-appBar-2 css-iu2t21-MuiPaper-root-MuiAppBar-root"
  >
    <div
      className="MuiToolbar-root MuiToolbar-gutters MuiToolbar-regular AudioLibrary-headerBar-7 css-hyum1k-MuiToolbar-root"
    >
      <div
        className="AudioLibrary-headerLeft-8"
      >
        <button
          aria-label="Back"
          aria-labelledby={null}
          className="MuiButtonBase-root MuiIconButton-root MuiIconButton-colorInherit MuiIconButton-edgeStart MuiIconButton-sizeLarge AudioLibrary-backButton-5 css-184mzhy-MuiButtonBase-root-MuiIconButton-root"
          data-mui-internal-clone-element={true}
          disabled={false}
          onBlur={[Function]}
          onClick={[Function]}
          onContextMenu={[Function]}
          onDragLeave={[Function]}
          onFocus={[Function]}
          onKeyDown={[Function]}
          onKeyUp={[Function]}
          onMouseDown={[Function]}
          onMouseLeave={[Function]}
          onMouseOver={[Function]}
          onMouseUp={[Function]}
          onTouchEnd={[Function]}
          onTouchMove={[Function]}
          onTouchStart={[Function]}
          tabIndex={0}
          type="button"
        >
          <svg
            aria-hidden={true}
            className="MuiSvgIcon-root MuiSvgIcon-fontSizeMedium css-i4bv87-MuiSvgIcon-root"
            data-testid="ArrowBackIcon"
            focusable="false"
            viewBox="0 0 24 24"
          >
            <path
              d="M20 11H7.83l5.59-5.59L12 4l-8 8 8 8 1.41-1.41L7.83 13H20v-2z"
            />
          </svg>
          <span
            className="MuiTouchRipple-root css-8je8zh-MuiTouchRipple-root"
          />
        </button>
      </div>
      <h1
        className="MuiTypography-root MuiTypography-h4 MuiTypography-noWrap AudioLibrary-title-6 css-1r3v6n7-MuiTypography-root"
      >
        Audio Library
      </h1>
      <div
        className="AudioLibrary-headerRight-9"
      >
        <div
          className="AudioLibrary-searchBar-10"
        >
          <LibrarySearch
            displaySources={[]}
            filters={[]}
            isCreatable={true}
            noTypes={true}
            onUpdateFilters={[Function]}
            onlyUsed={true}
            placeholder="Search ..."
            tags={[]}
          />
        </div>
      </div>
    </div>
  </header>
  <div
    className="MuiDrawer-root MuiDrawer-docked AudioLibrary-drawer-16 css-7ik032-MuiDrawer-docked"
  >
    <div
      className="MuiPaper-root MuiPaper-elevation MuiPaper-elevation0 MuiDrawer-paper AudioLibrary-drawerPaper-13 AudioLibrary-drawerPaperClose-14 MuiDrawer-paperAnchorLeft MuiDrawer-paperAnchorDockedLeft css-12i7wg6-MuiPaper-root-MuiDrawer-paper"
    >
      <div
        className="AudioLibrary-appBarSpacerWrapper-3"
      >
        <div
          className="MuiCollapse-root MuiCollapse-vertical MuiCollapse-entered css-pwcg7p-MuiCollapse-root"
          style={
            {
              "minHeight": "0px",
            }
          }
        >
          <div
            className="MuiCollapse-wrapper MuiCollapse-vertical css-smkl36-MuiCollapse-wrapper"
          >
            <div
              className="MuiCollapse-wrapperInner MuiCollapse-vertical css-9l5vo-MuiCollapse-wrapperInner"
            >
              <div
                className="AudioLibrary-appBarSpacer-4"
              />
            </div>
          </div>
        </div>
      </div>
      <li
        className="MuiListItem-root MuiListItem-gutters MuiListItem-padding AudioLibrary-drawerButton-18 css-5mcrhl-MuiListItem-root"
        disabled={false}
      >
        <button
          className="MuiButtonBase-root MuiIconButton-root MuiIconButton-sizeLarge css-mf1cb5-MuiButtonBase-root-MuiIconButton-root"
          disabled={false}
          onBlur={[Function]}
          onClick={[Function]}
          onContextMenu={[Function]}
          onDragLeave={[Function]}
          onFocus={[Function]}
          onKeyDown={[Function]}
          onKeyUp={[Function]}
          onMouseDown={[Function]}
          onMouseLeave={[Function]}
          onMouseUp={[Function]}
          onTouchEnd={[Function]}
          onTouchMove={[Function]}
          onTouchStart={[Function]}
          tabIndex={0}
          type="button"
        >
          <svg
            aria-hidden={true}
            className="MuiSvgIcon-root MuiSvgIcon-fontSizeMedium AudioLibrary-drawerIcon-19 css-i4bv87-MuiSvgIcon-root"
            data-testid="MenuIcon"
            focusable="false"
            viewBox="0 0 24 24"
          >
            <path
              d="M3 18h18v-2H3v2zm0-5h18v-2H3v2zm0-7v2h18V6H3z"
            />
          </svg>
          <span
            className="MuiTouchRipple-root css-8je8zh-MuiTouchRipple-root"
          />
        </button>
      </li>
      <hr
        className="MuiDivider-root MuiDivider-fullWidth css-9mgopn-MuiDivider-root"
      />
      <div>
        <div
          className="MuiTabs-root MuiTabs-vertical AudioLibrary-tabs-22 css-1g4ac1o-MuiTabs-root"
        >
          <div
            className="MuiTabs-scroller MuiTabs-fixed css-jpln7h-MuiTabs-scroller"
            onScroll={[Function]}
            style={
              {
                "marginRight": -0,
                "overflow": "hidden",
              }
            }
          >
            <div
              aria-label="audio library tabs"
              aria-orientation="vertical"
              className="MuiTabs-flexContainer MuiTabs-flexContainerVertical css-lfwcke-MuiTabs-flexContainer"
              onKeyDown={[Function]}
              role="tablist"
            >
              <button
                aria-controls="vertical-tabpanel-0"
                aria-selected={true}
                className="MuiButtonBase-root MuiTab-root MuiTab-textColorPrimary Mui-selected AudioLibrary-tab-50 AudioLibrary-playlistsTab-52 AudioLibrary-tabClose-51 css-1i8cmzc-MuiButtonBase-root-MuiTab-root"
                disabled={false}
                id="vertical-tab-0"
                onBlur={[Function]}
                onClick={[Function]}
                onContextMenu={[Function]}
                onDragLeave={[Function]}
                onFocus={[Function]}
                onKeyDown={[Function]}
                onKeyUp={[Function]}
                onMouseDown={[Function]}
                onMouseLeave={[Function]}
                onMouseUp={[Function]}
                onTouchEnd={[Function]}
                onTouchMove={[Function]}
                onTouchStart={[Function]}
                role="tab"
                tabIndex={0}
                type="button"
              >
                <svg
                  aria-hidden={true}
                  className="MuiSvgIcon-root MuiSvgIcon-fontSizeMedium css-i4bv87-MuiSvgIcon-root"
                  data-testid="QueueMusicIcon"
                  focusable="false"
                  viewBox="0 0 24 24"
                >
                  <path
                    d="M15 6H3v2h12V6zm0 4H3v2h12v-2zM3 16h8v-2H3v2zM17 6v8.18c-.31-.11-.65-.18-1-.18-1.66 0-3 1.34-3 3s1.34 3 3 3 3-1.34 3-3V8h3V6h-5z"
                  />
                </svg>
                
                <span
                  className="MuiTouchRipple-root css-8je8zh-MuiTouchRipple-root"
                />
              </button>
              <button
                aria-controls="vertical-tabpanel-1"
                aria-selected={false}
                className="MuiButtonBase-root MuiTab-root MuiTab-textColorPrimary AudioLibrary-tab-50 AudioLibrary-artistsTab-53 AudioLibrary-tabClose-51 css-1i8cmzc-MuiButtonBase-root-MuiTab-root"
                disabled={false}
                id="vertical-tab-1"
                onBlur={[Function]}
                onClick={[Function]}
                onContextMenu={[Function]}
                onDragLeave={[Function]}
                onFocus={[Function]}
                onKeyDown={[Function]}
                onKeyUp={[Function]}
                onMouseDown={[Function]}
                onMouseLeave={[Function]}
                onMouseUp={[Function]}
                onTouchEnd={[Function]}
                onTouchMove={[Function]}
                onTouchStart={[Function]}
                role="tab"
                tabIndex={-1}
                type="button"
              >
                <svg
                  aria-hidden={true}
                  className="MuiSvgIcon-root MuiSvgIcon-fontSizeMedium css-i4bv87-MuiSvgIcon-root"
                  data-testid="PersonIcon"
                  focusable="false"
                  viewBox="0 0 24 24"
                >
                  <path
                    d="M12 12c2.21 0 4-1.79 4-4s-1.79-4-4-4-4 1.79-4 4 1.79 4 4 4zm0 2c-2.67 0-8 1.34-8 4v2h16v-2c0-2.66-5.33-4-8-4z"
                  />
                </svg>
                
                <span
                  className="MuiTouchRipple-root css-8je8zh-MuiTouchRipple-root"
                />
              </button>
              <button
                aria-controls="vertical-tabpanel-2"
                aria-selected={false}
                className="MuiButtonBase-root MuiTab-root MuiTab-textColorPrimary AudioLibrary-tab-50 AudioLibrary-albumsTab-54 AudioLibrary-tabClose-51 css-1i8cmzc-MuiButtonBase-root-MuiTab-root"
                disabled={false}
                id="vertical-tab-2"
                onBlur={[Function]}
                onClick={[Function]}
                onContextMenu={[Function]}
                onDragLeave={[Function]}
                onFocus={[Function]}
                onKeyDown={[Function]}
                onKeyUp={[Function]}
                onMouseDown={[Function]}
                onMouseLeave={[Function]}
                onMouseUp={[Function]}
                onTouchEnd={[Function]}
                onTouchMove={[Function]}
                onTouchStart={[Function]}
                role="tab"
                tabIndex={-1}
                type="button"
              >
                <svg
                  aria-hidden={true}
                  className="MuiSvgIcon-root MuiSvgIcon-fontSizeMedium css-i4bv87-MuiSvgIcon-root"
                  data-testid="AlbumIcon"
                  focusable="false"
                  viewBox="0 0 24 24"
                >
                  <path
                    d="M12 2C6.48 2 2 6.48 2 12s4.48 10 10 10 10-4.48 10-10S17.52 2 12 2zm0 14.5c-2.49 0-4.5-2.01-4.5-4.5S9.51 7.5 12 7.5s4.5 2.01 4.5 4.5-2.01 4.5-4.5 4.5zm0-5.5c-.55 0-1 .45-1 1s.45 1 1 1 1-.45 1-1-.45-1-1-1z"
                  />
                </svg>
                
                <span
                  className="MuiTouchRipple-root css-8je8zh-MuiTouchRipple-root"
                />
              </button>
              <button
                aria-controls="vertical-tabpanel-3"
                aria-selected={false}
                className="MuiButtonBase-root MuiTab-root MuiTab-textColorPrimary AudioLibrary-tab-50 AudioLibrary-songsTab-55 AudioLibrary-tabClose-51 css-1i8cmzc-MuiButtonBase-root-MuiTab-root"
                disabled={false}
                id="vertical-tab-3"
                onBlur={[Function]}
                onClick={[Function]}
                onContextMenu={[Function]}
                onDragLeave={[Function]}
                onFocus={[Function]}
                onKeyDown={[Function]}
                onKeyUp={[Function]}
                onMouseDown={[Function]}
                onMouseLeave={[Function]}
                onMouseUp={[Function]}
                onTouchEnd={[Function]}
                onTouchMove={[Function]}
                onTouchStart={[Function]}
                role="tab"
                tabIndex={-1}
                type="button"
              >
                <svg
                  aria-hidden={true}
                  className="MuiSvgIcon-root MuiSvgIcon-fontSizeMedium css-i4bv87-MuiSvgIcon-root"
                  data-testid="AudiotrackIcon"
                  focusable="false"
                  viewBox="0 0 24 24"
                >
                  <path
                    d="M12 3v9.28c-.47-.17-.97-.28-1.5-.28C8.01 12 6 14.01 6 16.5S8.01 21 10.5 21c2.31 0 4.2-1.75 4.45-4H15V6h4V3h-7z"
                  />
                </svg>
                
                <span
                  className="MuiTouchRipple-root css-8je8zh-MuiTouchRipple-root"
                />
              </button>
            </div>
            <span
              className="MuiTabs-indicator css-t3lg8-MuiTabs-indicator"
              style={
                {
                  "height": 0,
                  "top": 0,
                }
              }
            />
          </div>
        </div>
      </div>
      <hr
        className="MuiDivider-root MuiDivider-fullWidth css-9mgopn-MuiDivider-root"
      />
      <div
        className=""
      >
        <div
          aria-label="Manage Tags"
          aria-labelledby={null}
          className="MuiButtonBase-root MuiListItem-root MuiListItem-gutters MuiListItem-padding MuiListItem-button css-fitbhc-MuiButtonBase-root-MuiListItem-root"
          data-mui-internal-clone-element={true}
          onBlur={[Function]}
          onClick={[Function]}
          onContextMenu={[Function]}
          onDragLeave={[Function]}
          onFocus={[Function]}
          onKeyDown={[Function]}
          onKeyUp={[Function]}
          onMouseDown={[Function]}
          onMouseLeave={[Function]}
          onMouseOver={[Function]}
          onMouseUp={[Function]}
          onTouchEnd={[Function]}
          onTouchMove={[Function]}
          onTouchStart={[Function]}
          role="button"
          tabIndex={0}
        >
          <div
            className="MuiListItemIcon-root css-cveggr-MuiListItemIcon-root"
          >
            <svg
              aria-hidden={true}
              className="MuiSvgIcon-root MuiSvgIcon-fontSizeMedium css-i4bv87-MuiSvgIcon-root"
              data-testid="LocalOfferIcon"
              focusable="false"
              viewBox="0 0 24 24"
            >
              <path
                d="m21.41 11.58-9-9C12.05 2.22 11.55 2 11 2H4c-1.1 0-2 .9-2 2v7c0 .55.22 1.05.59 1.42l9 9c.36.36.86.58 1.41.58.55 0 1.05-.22 1.41-.59l7-7c.37-.36.59-.86.59-1.41 0-.55-.23-1.06-.59-1.42zM5.5 7C4.67 7 4 6.33 4 5.5S4.67 4 5.5 4 7 4.67 7 5.5 6.33 7 5.5 7z"
              />
            </svg>
          </div>
          <div
            className="MuiListItemText-root css-tlelie-MuiListItemText-root"
          >
            <span
              className="MuiTypography-root MuiTypography-body1 MuiListItemText-primary css-10hburv-MuiTypography-root"
            >
              Manage Tags
            </span>
          </div>
          <span
            className="MuiTouchRipple-root css-8je8zh-MuiTouchRipple-root"
          />
        </div>
        <div
          aria-label="Add to Playlist"
          aria-labelledby={null}
          className="MuiButtonBase-root MuiListItem-root MuiListItem-gutters MuiListItem-padding MuiListItem-button css-fitbhc-MuiButtonBase-root-MuiListItem-root"
          data-mui-internal-clone-element={true}
          onBlur={[Function]}
          onClick={[Function]}
          onContextMenu={[Function]}
          onDragLeave={[Function]}
          onFocus={[Function]}
          onKeyDown={[Function]}
          onKeyUp={[Function]}
          onMouseDown={[Function]}
          onMouseLeave={[Function]}
          onMouseOver={[Function]}
          onMouseUp={[Function]}
          onTouchEnd={[Function]}
          onTouchMove={[Function]}
          onTouchStart={[Function]}
          role="button"
          tabIndex={0}
        >
          <div
            className="MuiListItemIcon-root css-cveggr-MuiListItemIcon-root"
          >
            <svg
              aria-hidden={true}
              className="MuiSvgIcon-root MuiSvgIcon-fontSizeMedium css-i4bv87-MuiSvgIcon-root"
              data-testid="PlaylistAddIcon"
              focusable="false"
              viewBox="0 0 24 24"
            >
              <path
                d="M14 10H3v2h11v-2zm0-4H3v2h11V6zm4 8v-4h-2v4h-4v2h4v4h2v-4h4v-2h-4zM3 16h7v-2H3v2z"
              />
            </svg>
          </div>
          <div
            className="MuiListItemText-root css-tlelie-MuiListItemText-root"
          >
            <span
              className="MuiTypography-root MuiTypography-body1 MuiListItemText-primary css-10hburv-MuiTypography-root"
            >
              Add to Playlist
            </span>
          </div>
          <span
            className="MuiTouchRipple-root css-8je8zh-MuiTouchRipple-root"
          />
        </div>
        <div
          aria-label="Batch Tag"
          aria-labelledby={null}
          className="MuiButtonBase-root MuiListItem-root MuiListItem-gutters MuiListItem-padding MuiListItem-button css-fitbhc-MuiButtonBase-root-MuiListItem-root"
          data-mui-internal-clone-element={true}
          onBlur={[Function]}
          onClick={[Function]}
          onContextMenu={[Function]}
          onDragLeave={[Function]}
          onFocus={[Function]}
          onKeyDown={[Function]}
          onKeyUp={[Function]}
          onMouseDown={[Function]}
          onMouseLeave={[Function]}
          onMouseOver={[Function]}
          onMouseUp={[Function]}
          onTouchEnd={[Function]}
          onTouchMove={[Function]}
          onTouchStart={[Function]}
          role="button"
          tabIndex={0}
        >
          <div
            className="MuiListItemIcon-root css-cveggr-MuiListItemIcon-root"
          >
            <svg
              aria-hidden={true}
              className="MuiSvgIcon-root MuiSvgIcon-fontSizeMedium css-i4bv87-MuiSvgIcon-root"
              data-testid="FormatListBulletedIcon"
              focusable="false"
              viewBox="0 0 24 24"
            >
              <path
                d="M4 10.5c-.83 0-1.5.67-1.5 1.5s.67 1.5 1.5 1.5 1.5-.67 1.5-1.5-.67-1.5-1.5-1.5zm0-6c-.83 0-1.5.67-1.5 1.5S3.17 7.5 4 7.5 5.5 6.83 5.5 6 4.83 4.5 4 4.5zm0 12c-.83 0-1.5.68-1.5 1.5s.68 1.5 1.5 1.5 1.5-.68 1.5-1.5-.67-1.5-1.5-1.5zM7 19h14v-2H7v2zm0-6h14v-2H7v2zm0-8v2h14V5H7z"
              />
            </svg>
          </div>
          <div
            className="MuiListItemText-root css-tlelie-MuiListItemText-root"
          >
            <span
              className="MuiTypography-root MuiTypography-body1 MuiListItemText-primary css-10hburv-MuiTypography-root"
            >
              Batch Tag
            </span>
          </div>
          <span
            className="MuiTouchRipple-root css-8je8zh-MuiTouchRipple-root"
          />
        </div>
        <div
          aria-label="Batch Edit"
          aria-labelledby={null}
          className="MuiButtonBase-root MuiListItem-root MuiListItem-gutters MuiListItem-padding MuiListItem-button css-fitbhc-MuiButtonBase-root-MuiListItem-root"
          data-mui-internal-clone-element={true}
          onBlur={[Function]}
          onClick={[Function]}
          onContextMenu={[Function]}
          onDragLeave={[Function]}
          onFocus={[Function]}
          onKeyDown={[Function]}
          onKeyUp={[Function]}
          onMouseDown={[Function]}
          onMouseLeave={[Function]}
          onMouseOver={[Function]}
          onMouseUp={[Function]}
          onTouchEnd={[Function]}
          onTouchMove={[Function]}
          onTouchStart={[Function]}
          role="button"
          tabIndex={0}
        >
          <div
            className="MuiListItemIcon-root css-cveggr-MuiListItemIcon-root"
          >
            <svg
              aria-hidden={true}
              className="MuiSvgIcon-root MuiSvgIcon-fontSizeMedium css-i4bv87-MuiSvgIcon-root"
              data-testid="EditIcon"
              focusable="false"
              viewBox="0 0 24 24"
            >
              <path
                d="M3 17.25V21h3.75L17.81 9.94l-3.75-3.75L3 17.25zM20.71 7.04c.39-.39.39-1.02 0-1.41l-2.34-2.34a.9959.9959 0 0 0-1.41 0l-1.83 1.83 3.75 3.75 1.83-1.83z"
              />
            </svg>
          </div>
          <div
            className="MuiListItemText-root css-tlelie-MuiListItemText-root"
          >
            <span
              className="MuiTypography-root MuiTypography-body1 MuiListItemText-primary css-10hburv-MuiTypography-root"
            >
              Batch Edit
            </span>
          </div>
          <span
            className="MuiTouchRipple-root css-8je8zh-MuiTouchRipple-root"
          />
        </div>
      </div>
      <hr
        className="MuiDivider-root MuiDivider-fullWidth css-9mgopn-MuiDivider-root"
      />
      <div
        className=""
      >
        <div
          aria-label="BPM Detection"
          aria-labelledby={null}
          className="MuiButtonBase-root MuiListItem-root MuiListItem-gutters MuiListItem-padding MuiListItem-button css-fitbhc-MuiButtonBase-root-MuiListItem-root"
          data-mui-internal-clone-element={true}
          onBlur={[Function]}
          onClick={[Function]}
          onContextMenu={[Function]}
          onDragLeave={[Function]}
          onFocus={[Function]}
          onKeyDown={[Function]}
          onKeyUp={[Function]}
          onMouseDown={[Function]}
          onMouseLeave={[Function]}
          onMouseOver={[Function]}
          onMouseUp={[Function]}
          onTouchEnd={[Function]}
          onTouchMove={[Function]}
          onTouchStart={[Function]}
          role="button"
          tabIndex={0}
        >
          <div
            className="MuiListItemIcon-root css-cveggr-MuiListItemIcon-root"
          >
            <svg
              aria-hidden={true}
              className="MuiSvgIcon-root MuiSvgIcon-fontSizeSmall css-ptiqhd-MuiSvgIcon-root"
              focusable="false"
              viewBox="0 0 24 24"
            >
              <path
                d="M12,1.75L8.57,2.67L4.07,19.5C4.06,19.5 4,19.84 4,20C4,21.11 4.89,22 6,22H18C19.11,22 20,21.11 20,20C20,19.84 19.94,19.5 19.93,19.5L15.43,2.67L12,1.75M10.29,4H13.71L17.2,17H13V12H11V17H6.8L10.29,4M11,5V9H10V11H14V9H13V5H11Z"
              />
            </svg>
          </div>
          <div
            className="MuiListItemText-root css-tlelie-MuiListItemText-root"
          >
            <span
              className="MuiTypography-root MuiTypography-body1 MuiListItemText-primary css-10hburv-MuiTypography-root"
            >
              BPM Detection
            </span>
          </div>
          <span
            className="MuiTouchRipple-root css-8je8zh-MuiTouchRipple-root"
          />
        </div>
      </div>
      <div
        className="AudioLibrary-fill-38"
      />
    </div>
  </div>
  <main
    className="AudioLibrary-content-23"
  >
    <div
      className="AudioLibrary-appBarSpacer-4"
    />
    <div
      className="MuiContainer-root AudioLibrary-container-24 css-ur2jdm-MuiContainer-root"
    >
      <div
        className="MuiTypography-root MuiTypography-body1 css-ahj2mt-MuiTypography-root"
      >
        <div
          className="AudioLibrary-tabPanel-49"
        >
          <div
            className="AudioLibrary-drawerSpacer-17"
          />
          <div
            className="AudioLibrary-fill-38 MuiBox-root css-19midj6"
          >
            <PlaylistList
              audios={[]}
              onClickPlaylist={[Function]}
              playlists={[]}
              showHelp={true}
            />
          </div>
        </div>
      </div>
    </div>
  </main>
  <div
    aria-hidden={true}
    className="MuiBackdrop-root AudioLibrary-backdrop-39 css-sox5kk-MuiBackdrop-root"
    onClick={[Function]}
    style={
      {
        "opacity": 0,
        "visibility": "hidden",
      }
    }
  />
</div>
`;
