// Jest Snapshot v1, https://goo.gl/fbAQLP

exports[`BatchClipDialog should match snapshot 1`] = `null`;
