// Jest Snapshot v1, https://goo.gl/fbAQLP

exports[`ScriptOptions should match snapshot 1`] = `
<div
  TransitionComponent={[Function]}
  className="MuiDialog-root MuiModal-root css-zw3mfo-MuiModal-root-MuiDialog-root"
  onClick={[Function]}
  onKeyDown={[Function]}
  role="presentation"
>
  <div
    data-testid="sentinelStart"
    onFocus={[Function]}
    tabIndex={0}
  />
  <div
    className="MuiDialog-container MuiDialog-scrollPaper css-hz1bth-MuiDialog-container"
    onMouseDown={[Function]}
  >
    <div
      aria-describedby="edit-description"
      className="MuiPaper-root MuiPaper-elevation MuiPaper-rounded MuiPaper-elevation24 MuiDialog-paper MuiDialog-paperScrollPaper MuiDialog-paperWidthSm css-1t1j96h-MuiPaper-root-MuiDialog-paper"
      role="dialog"
    >
      <div
        className="MuiDialogContent-root css-ypiqx9-MuiDialogContent-root"
      >
        <h6
          className="MuiTypography-root MuiTypography-h6 css-2ulfj5-MuiTypography-root"
        >
          Edit script options
        </h6>
        <div
          className="MuiGrid-root MuiGrid-container MuiGrid-spacing-xs-2 css-ofrcno-MuiGrid-root"
        >
          <div
            className="MuiGrid-root MuiGrid-item MuiGrid-grid-xs-12 css-1idn90j-MuiGrid-root"
          >
            <div
              className="MuiGrid-root MuiGrid-container MuiGrid-spacing-xs-2 css-ofrcno-MuiGrid-root"
            >
              <div
                className="MuiGrid-root MuiGrid-item css-13i4rnv-MuiGrid-root"
              >
                <div
                  className="MuiCollapse-root MuiCollapse-vertical MuiCollapse-entered css-pwcg7p-MuiCollapse-root"
                  style={
                    {
                      "minHeight": "0px",
                    }
                  }
                >
                  <div
                    className="MuiCollapse-wrapper MuiCollapse-vertical css-smkl36-MuiCollapse-wrapper"
                  >
                    <div
                      className="MuiCollapse-wrapperInner MuiCollapse-vertical css-9l5vo-MuiCollapse-wrapperInner"
                    >
                      <label
                        className="MuiFormControlLabel-root MuiFormControlLabel-labelPlacementEnd css-j204z7-MuiFormControlLabel-root"
                      >
                        <span
                          className="MuiSwitch-root MuiSwitch-sizeSmall css-1ycxvqq-MuiSwitch-root"
                        >
                          <span
                            className="MuiButtonBase-root MuiSwitch-switchBase MuiSwitch-colorPrimary PrivateSwitchBase-root MuiSwitch-switchBase MuiSwitch-colorPrimary css-1flv81n-MuiButtonBase-root-MuiSwitch-switchBase"
                            onBlur={[Function]}
                            onContextMenu={[Function]}
                            onDragLeave={[Function]}
                            onFocus={[Function]}
                            onKeyDown={[Function]}
                            onKeyUp={[Function]}
                            onMouseDown={[Function]}
                            onMouseLeave={[Function]}
                            onMouseUp={[Function]}
                            onTouchEnd={[Function]}
                            onTouchMove={[Function]}
                            onTouchStart={[Function]}
                            tabIndex={null}
                          >
                            <input
                              checked={false}
                              className="PrivateSwitchBase-input MuiSwitch-input css-1m9pwf3"
                              onChange={[Function]}
                              required={false}
                              type="checkbox"
                            />
                            <span
                              className="MuiSwitch-thumb css-jsexje-MuiSwitch-thumb"
                            />
                          </span>
                          <span
                            className="MuiSwitch-track css-1yjjitx-MuiSwitch-track"
                          />
                        </span>
                        <span
                          className="MuiTypography-root MuiTypography-body1 MuiFormControlLabel-label css-ahj2mt-MuiTypography-root"
                        >
                          Stop at End
                        </span>
                      </label>
                    </div>
                  </div>
                </div>
                <div
                  className="MuiCollapse-root MuiCollapse-vertical MuiCollapse-entered css-pwcg7p-MuiCollapse-root"
                  style={
                    {
                      "minHeight": "0px",
                    }
                  }
                >
                  <div
                    className="MuiCollapse-wrapper MuiCollapse-vertical css-smkl36-MuiCollapse-wrapper"
                  >
                    <div
                      className="MuiCollapse-wrapperInner MuiCollapse-vertical css-9l5vo-MuiCollapse-wrapperInner"
                    >
                      <label
                        className="MuiFormControlLabel-root MuiFormControlLabel-labelPlacementEnd css-j204z7-MuiFormControlLabel-root"
                      >
                        <span
                          className="MuiSwitch-root MuiSwitch-sizeSmall css-1ycxvqq-MuiSwitch-root"
                        >
                          <span
                            className="MuiButtonBase-root MuiSwitch-switchBase MuiSwitch-colorPrimary PrivateSwitchBase-root MuiSwitch-switchBase MuiSwitch-colorPrimary css-1flv81n-MuiButtonBase-root-MuiSwitch-switchBase"
                            onBlur={[Function]}
                            onContextMenu={[Function]}
                            onDragLeave={[Function]}
                            onFocus={[Function]}
                            onKeyDown={[Function]}
                            onKeyUp={[Function]}
                            onMouseDown={[Function]}
                            onMouseLeave={[Function]}
                            onMouseUp={[Function]}
                            onTouchEnd={[Function]}
                            onTouchMove={[Function]}
                            onTouchStart={[Function]}
                            tabIndex={null}
                          >
                            <input
                              checked={false}
                              className="PrivateSwitchBase-input MuiSwitch-input css-1m9pwf3"
                              onChange={[Function]}
                              required={false}
                              type="checkbox"
                            />
                            <span
                              className="MuiSwitch-thumb css-jsexje-MuiSwitch-thumb"
                            />
                          </span>
                          <span
                            className="MuiSwitch-track css-1yjjitx-MuiSwitch-track"
                          />
                        </span>
                        <span
                          className="MuiTypography-root MuiTypography-body1 MuiFormControlLabel-label css-ahj2mt-MuiTypography-root"
                        >
                          Next Scene at End
                        </span>
                      </label>
                    </div>
                  </div>
                </div>
                <label
                  className="MuiFormControlLabel-root MuiFormControlLabel-labelPlacementEnd css-j204z7-MuiFormControlLabel-root"
                >
                  <span
                    className="MuiSwitch-root MuiSwitch-sizeSmall css-1ycxvqq-MuiSwitch-root"
                  >
                    <span
                      className="MuiButtonBase-root MuiSwitch-switchBase MuiSwitch-colorPrimary Mui-checked PrivateSwitchBase-root MuiSwitch-switchBase MuiSwitch-colorPrimary Mui-checked Mui-checked css-1flv81n-MuiButtonBase-root-MuiSwitch-switchBase"
                      onBlur={[Function]}
                      onContextMenu={[Function]}
                      onDragLeave={[Function]}
                      onFocus={[Function]}
                      onKeyDown={[Function]}
                      onKeyUp={[Function]}
                      onMouseDown={[Function]}
                      onMouseLeave={[Function]}
                      onMouseUp={[Function]}
                      onTouchEnd={[Function]}
                      onTouchMove={[Function]}
                      onTouchStart={[Function]}
                      tabIndex={null}
                    >
                      <input
                        checked={true}
                        className="PrivateSwitchBase-input MuiSwitch-input css-1m9pwf3"
                        onChange={[Function]}
                        required={false}
                        type="checkbox"
                      />
                      <span
                        className="MuiSwitch-thumb css-jsexje-MuiSwitch-thumb"
                      />
                    </span>
                    <span
                      className="MuiSwitch-track css-1yjjitx-MuiSwitch-track"
                    />
                  </span>
                  <span
                    className="MuiTypography-root MuiTypography-body1 MuiFormControlLabel-label css-ahj2mt-MuiTypography-root"
                  >
                    Sync Timestamp with Audio
                  </span>
                </label>
              </div>
            </div>
          </div>
          <div
            className="MuiGrid-root MuiGrid-item MuiGrid-grid-xs-12 css-1idn90j-MuiGrid-root"
          >
            <div
              className="MuiTypography-root MuiTypography-caption css-ol7wxs-MuiTypography-root"
            >
              Script Opacity: 
              100
              %
            </div>
            <span
              className="MuiSlider-root MuiSlider-colorPrimary MuiSlider-sizeMedium css-19qy7iz-MuiSlider-root"
              defaultValue={100}
              onMouseDown={[Function]}
            >
              <span
                className="MuiSlider-rail css-14pt78w-MuiSlider-rail"
              />
              <span
                className="MuiSlider-track css-1gv0vcd-MuiSlider-track"
                style={
                  {
                    "left": "0%",
                    "width": "100%",
                  }
                }
              />
              <span
                className="MuiSlider-thumb MuiSlider-thumbSizeMedium MuiSlider-thumbColorPrimary MuiSlider-thumb MuiSlider-thumbSizeMedium MuiSlider-thumbColorPrimary css-hvku5w-MuiSlider-thumb"
                data-index={0}
                onMouseLeave={[Function]}
                onMouseOver={[Function]}
                style={
                  {
                    "left": "100%",
                    "pointerEvents": undefined,
                  }
                }
              >
                <input
                  aria-labelledby="opacity-slider"
                  aria-orientation="horizontal"
                  aria-valuemax={100}
                  aria-valuemin={0}
                  aria-valuenow={100}
                  data-index={0}
                  disabled={false}
                  max={100}
                  min={0}
                  onBlur={[Function]}
                  onChange={[Function]}
                  onFocus={[Function]}
                  step={1}
                  style={
                    {
                      "border": 0,
                      "clip": "rect(0 0 0 0)",
                      "direction": "ltr",
                      "height": "100%",
                      "margin": -1,
                      "overflow": "hidden",
                      "padding": 0,
                      "position": "absolute",
                      "whiteSpace": "nowrap",
                      "width": "100%",
                    }
                  }
                  type="range"
                  value={100}
                />
                <span
                  aria-hidden={true}
                  className="MuiSlider-valueLabel css-nnid7-MuiSlider-valueLabel"
                >
                  <span
                    className="MuiSlider-valueLabelCircle"
                  >
                    <span
                      className="MuiSlider-valueLabelLabel"
                    >
                      100%
                    </span>
                  </span>
                </span>
              </span>
            </span>
          </div>
          <div
            className="MuiGrid-root MuiGrid-item MuiGrid-grid-xs-12 css-1idn90j-MuiGrid-root"
          >
            <FontOptions
              name="Blink"
              onUpdateOptions={[Function]}
              options={
                {
                  "border": false,
                  "borderColor": "#000000",
                  "borderpx": 5,
                  "color": "#FFFFFF",
                  "fontFamily": "Arial Black,Arial Bold,Gadget,sans-serif",
                  "fontSize": 20,
                }
              }
              systemFonts={[]}
            />
            <hr
              className="MuiDivider-root MuiDivider-fullWidth ScriptOptions-fontDivider-11 css-9mgopn-MuiDivider-root"
            />
            <FontOptions
              name="Caption"
              onUpdateOptions={[Function]}
              options={
                {
                  "border": false,
                  "borderColor": "#000000",
                  "borderpx": 3,
                  "color": "#FFFFFF",
                  "fontFamily": "Helvetica Neue,Helvetica,Arial,sans-serif",
                  "fontSize": 8,
                }
              }
              systemFonts={[]}
            />
            <hr
              className="MuiDivider-root MuiDivider-fullWidth ScriptOptions-fontDivider-11 css-9mgopn-MuiDivider-root"
            />
            <FontOptions
              name="Big Caption"
              onUpdateOptions={[Function]}
              options={
                {
                  "border": false,
                  "borderColor": "#000000",
                  "borderpx": 4,
                  "color": "#FFFFFF",
                  "fontFamily": "Arial Black,Arial Bold,Gadget,sans-serif",
                  "fontSize": 12,
                }
              }
              systemFonts={[]}
            />
            <hr
              className="MuiDivider-root MuiDivider-fullWidth ScriptOptions-fontDivider-11 css-9mgopn-MuiDivider-root"
            />
            <FontOptions
              name="Count"
              onUpdateOptions={[Function]}
              options={
                {
                  "border": false,
                  "borderColor": "#000000",
                  "borderpx": 5,
                  "color": "#FFFFFF",
                  "fontFamily": "Arial Black,Arial Bold,Gadget,sans-serif",
                  "fontSize": 20,
                }
              }
              systemFonts={[]}
            />
          </div>
        </div>
      </div>
      <div
        className="MuiDialogActions-root MuiDialogActions-spacing ScriptOptions-actions-5 css-hlj6pa-MuiDialogActions-root"
      >
        <button
          className="MuiButtonBase-root MuiButton-root MuiButton-text MuiButton-textSecondary MuiButton-sizeMedium MuiButton-textSizeMedium MuiButton-root MuiButton-text MuiButton-textSecondary MuiButton-sizeMedium MuiButton-textSizeMedium css-1m4bfca-MuiButtonBase-root-MuiButton-root"
          disabled={false}
          onBlur={[Function]}
          onClick={[Function]}
          onContextMenu={[Function]}
          onDragLeave={[Function]}
          onFocus={[Function]}
          onKeyDown={[Function]}
          onKeyUp={[Function]}
          onMouseDown={[Function]}
          onMouseLeave={[Function]}
          onMouseUp={[Function]}
          onTouchEnd={[Function]}
          onTouchMove={[Function]}
          onTouchStart={[Function]}
          tabIndex={0}
          type="button"
        >
          Cancel
        </button>
        <button
          className="MuiButtonBase-root MuiButton-root MuiButton-text MuiButton-textPrimary MuiButton-sizeMedium MuiButton-textSizeMedium MuiButton-root MuiButton-text MuiButton-textPrimary MuiButton-sizeMedium MuiButton-textSizeMedium css-d0ukip-MuiButtonBase-root-MuiButton-root"
          disabled={false}
          onBlur={[Function]}
          onClick={[Function]}
          onContextMenu={[Function]}
          onDragLeave={[Function]}
          onFocus={[Function]}
          onKeyDown={[Function]}
          onKeyUp={[Function]}
          onMouseDown={[Function]}
          onMouseLeave={[Function]}
          onMouseUp={[Function]}
          onTouchEnd={[Function]}
          onTouchMove={[Function]}
          onTouchStart={[Function]}
          tabIndex={0}
          type="button"
        >
          Save
        </button>
      </div>
    </div>
  </div>
  <div
    data-testid="sentinelEnd"
    onFocus={[Function]}
    tabIndex={0}
  />
</div>
`;
