// Jest Snapshot v1, https://goo.gl/fbAQLP

exports[`SourceListItem should match snapshot 1`] = `
<div
  className="SourceListItem-evenChild-3"
  style={null}
>
  <li
    className="MuiListItem-container css-oyakqy-MuiListItem-container"
  >
    <div
      className="MuiListItem-root MuiListItem-gutters MuiListItem-padding MuiListItem-secondaryAction css-nzmfr-MuiListItem-root"
      disabled={false}
    >
      <div
        className="MuiListItemAvatar-root css-1e9lk82-MuiListItemAvatar-root"
      >
        <span
          className="MuiBadge-root css-1c32n2y-MuiBadge-root"
        >
          <button
            aria-label={null}
            aria-labelledby={null}
            className="MuiButtonBase-root MuiFab-root MuiFab-circular MuiFab-sizeSmall MuiFab-default MuiFab-root MuiFab-circular MuiFab-sizeSmall MuiFab-default SourceListItem-avatar-4 css-12m9wit-MuiButtonBase-root-MuiFab-root"
            data-mui-internal-clone-element={true}
            disabled={false}
            onBlur={[Function]}
            onClick={[Function]}
            onContextMenu={[Function]}
            onDragLeave={[Function]}
            onFocus={[Function]}
            onKeyDown={[Function]}
            onKeyUp={[Function]}
            onMouseDown={[Function]}
            onMouseLeave={[Function]}
            onMouseOver={[Function]}
            onMouseUp={[Function]}
            onTouchEnd={[Function]}
            onTouchMove={[Function]}
            onTouchStart={[Function]}
            tabIndex={0}
            type="button"
          >
            <SourceIcon
              className="SourceListItem-sourceIcon-6"
              url="image.png"
            />
            <span
              className="MuiTouchRipple-root css-8je8zh-MuiTouchRipple-root"
            />
          </button>
          <span
            className="MuiBadge-badge SourceListItem-importBadge-11 MuiBadge-standard MuiBadge-invisible MuiBadge-anchorOriginTopLeft MuiBadge-anchorOriginTopLeftCircular MuiBadge-overlapCircular css-1cyh125-MuiBadge-badge"
          />
        </span>
      </div>
      <div
        className="MuiListItemText-root css-tlelie-MuiListItemText-root"
      >
        <span
          className="MuiTypography-root MuiTypography-body1 MuiListItemText-primary SourceListItem-root-1 css-10hburv-MuiTypography-root"
        >
          <p
            className="MuiTypography-root MuiTypography-body1 MuiTypography-noWrap SourceListItem-noUserSelect-19 css-fvtpii-MuiTypography-root"
            onClick={[Function]}
          >
            image.png
          </p>
        </span>
      </div>
    </div>
    <div
      className="MuiListItemSecondaryAction-root css-518kzi-MuiListItemSecondaryAction-root"
    >
      <button
        aria-label="options"
        className="MuiButtonBase-root MuiIconButton-root MuiIconButton-edgeEnd MuiIconButton-sizeSmall SourceListItem-actionButton-12 css-1bkxqye-MuiButtonBase-root-MuiIconButton-root"
        disabled={false}
        onBlur={[Function]}
        onClick={[Function]}
        onContextMenu={[Function]}
        onDragLeave={[Function]}
        onFocus={[Function]}
        onKeyDown={[Function]}
        onKeyUp={[Function]}
        onMouseDown={[Function]}
        onMouseLeave={[Function]}
        onMouseUp={[Function]}
        onTouchEnd={[Function]}
        onTouchMove={[Function]}
        onTouchStart={[Function]}
        tabIndex={0}
        type="button"
      >
        <svg
          aria-hidden={true}
          className="MuiSvgIcon-root MuiSvgIcon-fontSizeMedium css-i4bv87-MuiSvgIcon-root"
          data-testid="BuildIcon"
          focusable="false"
          viewBox="0 0 24 24"
        >
          <path
            d="m22.7 19-9.1-9.1c.9-2.3.4-5-1.5-6.9-2-2-5-2.4-7.4-1.3L9 6 6 9 1.6 4.7C.4 7.1.9 10.1 2.9 12.1c1.9 1.9 4.6 2.4 6.9 1.5l9.1 9.1c.4.4 1 .4 1.4 0l2.3-2.3c.5-.4.5-1.1.1-1.4z"
          />
        </svg>
        <span
          className="MuiTouchRipple-root css-8je8zh-MuiTouchRipple-root"
        />
      </button>
      <button
        aria-label="delete"
        className="MuiButtonBase-root MuiIconButton-root MuiIconButton-edgeEnd MuiIconButton-sizeSmall SourceListItem-deleteButton-8 SourceListItem-actionButton-12 css-1bkxqye-MuiButtonBase-root-MuiIconButton-root"
        disabled={false}
        onBlur={[Function]}
        onClick={[Function]}
        onContextMenu={[Function]}
        onDragLeave={[Function]}
        onFocus={[Function]}
        onKeyDown={[Function]}
        onKeyUp={[Function]}
        onMouseDown={[Function]}
        onMouseLeave={[Function]}
        onMouseUp={[Function]}
        onTouchEnd={[Function]}
        onTouchMove={[Function]}
        onTouchStart={[Function]}
        tabIndex={0}
        type="button"
      >
        <svg
          aria-hidden={true}
          className="MuiSvgIcon-root MuiSvgIcon-fontSizeMedium SourceListItem-deleteIcon-9 css-i4bv87-MuiSvgIcon-root"
          data-testid="DeleteIcon"
          focusable="false"
          viewBox="0 0 24 24"
        >
          <path
            d="M6 19c0 1.1.9 2 2 2h8c1.1 0 2-.9 2-2V7H6v12zM19 4h-3.5l-1-1h-5l-1 1H5v2h14V4z"
          />
        </svg>
        <span
          className="MuiTouchRipple-root css-8je8zh-MuiTouchRipple-root"
        />
      </button>
    </div>
  </li>
</div>
`;
