// Jest Snapshot v1, https://goo.gl/fbAQLP

exports[`AudioTextEffects should match snapshot 1`] = `
<div
  className="MuiGrid-root MuiGrid-container MuiGrid-spacing-xs-2 css-mhc70k-MuiGrid-root"
>
  <div
    className="MuiGrid-root MuiGrid-item MuiGrid-grid-xs-12 MuiGrid-grid-lg-6 css-f0xsrb-MuiGrid-root"
  >
    <div
      className="MuiPaper-root MuiPaper-elevation MuiPaper-rounded MuiPaper-elevation1 MuiCard-root css-bhp9pd-MuiPaper-root-MuiCard-root"
    >
      <div
        className="MuiCardContent-root css-46bh2p-MuiCardContent-root"
      >
        <AudioCard
          onAddTracks={[Function]}
          onPlay={[Function]}
          onUpdateScene={[Function]}
          scene={null}
          startPlaying={false}
          systemMessage={[Function]}
        />
      </div>
    </div>
  </div>
  <div
    className="MuiGrid-root MuiGrid-item MuiGrid-grid-xs-12 MuiGrid-grid-md-6 css-1fyyp8j-MuiGrid-root"
  >
    <div
      className="MuiPaper-root MuiPaper-elevation MuiPaper-rounded MuiPaper-elevation1 MuiCard-root css-bhp9pd-MuiPaper-root-MuiCard-root"
    >
      <div
        className="MuiCardContent-root css-46bh2p-MuiCardContent-root"
      >
        <TextCard
          onAddScript={[Function]}
          onPlay={[Function]}
          onUpdateScene={[Function]}
          scene={null}
          systemMessage={[Function]}
        />
      </div>
    </div>
  </div>
</div>
`;
