// Jest Snapshot v1, https://goo.gl/fbAQLP

exports[`PiwigoDialog should match snapshot 1`] = `null`;
