// Jest Snapshot v1, https://goo.gl/fbAQLP

exports[`SceneEffects should match snapshot 1`] = `
<div
  className="MuiGrid-root MuiGrid-container MuiGrid-spacing-xs-2 css-mhc70k-MuiGrid-root"
>
  <div
    className="MuiGrid-root MuiGrid-item MuiGrid-grid-xs-12 MuiGrid-grid-md-6 MuiGrid-grid-lg-4 css-1e6jbaj-MuiGrid-root"
  >
    <div
      className="MuiPaper-root MuiPaper-elevation MuiPaper-rounded MuiPaper-elevation1 MuiCard-root css-bhp9pd-MuiPaper-root-MuiCard-root"
    >
      <div
        className="MuiCardContent-root css-46bh2p-MuiCardContent-root"
      >
        <ZoomMoveCard
          easingControls={false}
          onUpdateScene={[Function]}
          scene={null}
          tutorial={null}
        />
      </div>
    </div>
  </div>
  <div
    className="MuiGrid-root MuiGrid-item MuiGrid-grid-xs-12 MuiGrid-grid-md-6 MuiGrid-grid-lg-4 css-1e6jbaj-MuiGrid-root"
  >
    <div
      className="MuiPaper-root MuiPaper-elevation MuiPaper-rounded MuiPaper-elevation1 MuiCard-root css-bhp9pd-MuiPaper-root-MuiCard-root"
    >
      <div
        className="MuiCardContent-root css-46bh2p-MuiCardContent-root"
      >
        <CrossFadeCard
          easingControls={false}
          onUpdateScene={[Function]}
          scene={null}
          tutorial={null}
        />
      </div>
    </div>
  </div>
  <div
    className="MuiGrid-root MuiGrid-item MuiGrid-grid-xs-12 MuiGrid-grid-md-6 MuiGrid-grid-lg-4 css-1e6jbaj-MuiGrid-root"
  >
    <div
      className="MuiPaper-root MuiPaper-elevation MuiPaper-rounded MuiPaper-elevation1 MuiCard-root css-bhp9pd-MuiPaper-root-MuiCard-root"
    >
      <div
        className="MuiCardContent-root css-46bh2p-MuiCardContent-root"
      >
        <SlideCard
          easingControls={false}
          onUpdateScene={[Function]}
          scene={null}
          tutorial={null}
        />
      </div>
    </div>
  </div>
  <div
    className="MuiGrid-root MuiGrid-item MuiGrid-grid-xs-12 MuiGrid-grid-md-6 MuiGrid-grid-lg-4 css-1e6jbaj-MuiGrid-root"
  >
    <div
      className="MuiPaper-root MuiPaper-elevation MuiPaper-rounded MuiPaper-elevation1 MuiCard-root css-bhp9pd-MuiPaper-root-MuiCard-root"
    >
      <div
        className="MuiCardContent-root css-46bh2p-MuiCardContent-root"
      >
        <StrobeCard
          easingControls={false}
          onUpdateScene={[Function]}
          scene={null}
        />
      </div>
    </div>
  </div>
  <div
    className="MuiGrid-root MuiGrid-item MuiGrid-grid-xs-12 MuiGrid-grid-md-6 MuiGrid-grid-lg-4 css-1e6jbaj-MuiGrid-root"
  >
    <div
      className="MuiPaper-root MuiPaper-elevation MuiPaper-rounded MuiPaper-elevation1 MuiCard-root css-bhp9pd-MuiPaper-root-MuiCard-root"
    >
      <div
        className="MuiCardContent-root css-46bh2p-MuiCardContent-root"
      >
        <FadeIOCard
          easingControls={false}
          onUpdateScene={[Function]}
          scene={null}
          tutorial={null}
        />
      </div>
    </div>
  </div>
  <div
    className="MuiGrid-root MuiGrid-item MuiGrid-grid-xs-12 MuiGrid-grid-md-6 MuiGrid-grid-lg-4 css-1e6jbaj-MuiGrid-root"
  >
    <div
      className="MuiPaper-root MuiPaper-elevation MuiPaper-rounded MuiPaper-elevation1 MuiCard-root css-bhp9pd-MuiPaper-root-MuiCard-root"
    >
      <div
        className="MuiCardContent-root css-46bh2p-MuiCardContent-root"
      >
        <PanningCard
          easingControls={false}
          onUpdateScene={[Function]}
          scene={null}
          tutorial={null}
        />
      </div>
    </div>
  </div>
</div>
`;
