// Jest Snapshot v1, https://goo.gl/fbAQLP

exports[`URLDialog should match snapshot 1`] = `null`;
