// Jest Snapshot v1, https://goo.gl/fbAQLP

exports[`SourceIcon should match snapshot 1`] = `<div />`;
